

================================================================
== Vivado HLS Report for 'image_filter_AXIvideo2Mat_32_480_640_5_s'
================================================================
* Date:           Thu Jun  4 17:29:26 2015

* Version:        2015.1 (Build 1215546 on Mon Apr 27 19:24:50 PM 2015)
* Project:        image_filter
* Solution:       solution1
* Product family: zynq
* Target device:  xc7z020clg484-1


================================================================
== Performance Estimates
================================================================
+ Timing (ns): 
    * Summary: 
    +---------+-------+----------+------------+
    |  Clock  | Target| Estimated| Uncertainty|
    +---------+-------+----------+------------+
    |default  |   6.00|      4.31|        0.75|
    +---------+-------+----------+------------+

+ Latency (clock cycles): 
    * Summary: 
    +-----+--------+-----+--------+---------+
    |    Latency   |   Interval   | Pipeline|
    | min |   max  | min |   max  |   Type  |
    +-----+--------+-----+--------+---------+
    |    3|  309123|    3|  309123|   none  |
    +-----+--------+-----+--------+---------+

    + Detail: 
        * Instance: 
        N/A

        * Loop: 
        +-----------------------+-----+--------+----------+-----------+-----------+---------+----------+
        |                       |    Latency   | Iteration|  Initiation Interval  |   Trip  |          |
        |       Loop Name       | min |   max  |  Latency |  achieved |   target  |  Count  | Pipelined|
        +-----------------------+-----+--------+----------+-----------+-----------+---------+----------+
        |- loop_wait_for_start  |    0|       0|         1|          1|          1|        0|    yes   |
        |- loop_height          |    0|  309120|  4 ~ 644 |          -|          -| 0 ~ 480 |    no    |
        | + loop_width          |    0|     640|         2|          1|          1| 0 ~ 640 |    yes   |
        | + loop_wait_for_eol   |    0|       0|         1|          1|          1|        0|    yes   |
        +-----------------------+-----+--------+----------+-----------+-----------+---------+----------+



================================================================
== Utilization Estimates
================================================================
* Summary: 
+-----------------+---------+-------+--------+-------+
|       Name      | BRAM_18K| DSP48E|   FF   |  LUT  |
+-----------------+---------+-------+--------+-------+
|Expression       |        -|      -|       -|      -|
|FIFO             |        -|      -|       -|      -|
|Instance         |        -|      -|       -|      -|
|Memory           |        -|      -|       -|      -|
|Multiplexer      |        -|      -|       -|      -|
|Register         |        -|      -|       -|      -|
+-----------------+---------+-------+--------+-------+
|Total            |        0|      0|       0|      0|
+-----------------+---------+-------+--------+-------+
|Available        |      280|    220|  106400|  53200|
+-----------------+---------+-------+--------+-------+
|Utilization (%)  |        0|      0|       0|      0|
+-----------------+---------+-------+--------+-------+

+ Detail: 
    * Instance: 
    N/A

    * Memory: 
    N/A

    * FIFO: 
    N/A

    * Expression: 
    N/A

    * Multiplexer: 
    N/A

    * Register: 
    N/A



================================================================
== Interface
================================================================
* Summary: 
N/A

============================================================
+ Verbose Summary: Synthesis Manager
============================================================
InlineROM: 1
ExposeGlobal: 0
============================================================
+ Verbose Summary: CDFG Model
============================================================
IsTopModel: 0
ResetActiveHigh: 1
IsCombinational: 2
IsDatapathOnly: 0
HasWiredReturn: 1
HasMFsm: 0
HasVarLatency: 1
IsPipeline: 0
IsRtlPipelined: 0
IsInstanceOverlapped: 0
IsDontTouch: 0
HasImplIP: 0
IsGatedGlobalClock: 0

+ Individual pipeline summary: 
  * Pipeline-0: initiation interval (II) = 1, depth = 1
  * Pipeline-1: initiation interval (II) = 1, depth = 2
  * Pipeline-2: initiation interval (II) = 1, depth = 1


============================================================
+ Verbose Summary: Schedule
============================================================
* Number of FSM states: 8
* Pipeline: 3
  Pipeline-0: II = 1, D = 1, States = { 2 }
  Pipeline-1: II = 1, D = 2, States = { 5 6 }
  Pipeline-2: II = 1, D = 1, States = { 7 }
* Dataflow Pipeline: 0

* FSM state transitions: 
1 --> 
	2  / true
2 --> 
	3  / (tmp_user_V)
	2  / (!tmp_user_V)
3 --> 
	4  / true
4 --> 
	5  / (!exitcond3)
5 --> 
	7  / (exitcond)
	6  / (!exitcond)
6 --> 
	5  / true
7 --> 
	8  / (eol_3)
	7  / (!eol_3)
8 --> 
	4  / true
* FSM state operations: 

 <State 1>: 0.00ns
ST_1: stg_9 [1/1] 0.00ns
.critedge:0  call void (...)* @_ssdm_op_SpecInterface(i1* %AXI_video_strm_V_dest_V, i1* %AXI_video_strm_V_id_V, i1* %AXI_video_strm_V_last_V, i1* %AXI_video_strm_V_user_V, i4* %AXI_video_strm_V_strb_V, i4* %AXI_video_strm_V_keep_V, i32* %AXI_video_strm_V_data_V, [5 x i8]* @p_str1808, i32 0, i32 0, i32 0, i32 0, [15 x i8]* @p_str1809, [1 x i8]* @p_str1806, [1 x i8]* @p_str1806)

ST_1: stg_10 [1/1] 0.00ns
.critedge:1  call void (...)* @_ssdm_op_SpecInterface(float* %img_data_stream_V, [8 x i8]* @str52, i32 0, i32 0, i32 0, i32 0, [1 x i8]* @str53, [1 x i8]* @str53, [8 x i8]* @str52)

ST_1: img_cols_V_read_1 [1/1] 0.00ns
.critedge:2  %img_cols_V_read_1 = call i12 @_ssdm_op_Read.ap_auto.i12(i12 %img_cols_V_read)

ST_1: img_rows_V_read_1 [1/1] 0.00ns
.critedge:3  %img_rows_V_read_1 = call i12 @_ssdm_op_Read.ap_auto.i12(i12 %img_rows_V_read)

ST_1: stg_13 [1/1] 0.00ns
.critedge:4  br label %0


 <State 2>: 0.00ns
ST_2: stg_14 [1/1] 0.00ns
:0  call void (...)* @_ssdm_op_SpecLoopName([20 x i8]* @p_str1819) nounwind

ST_2: tmp [1/1] 0.00ns
:1  %tmp = call i32 (...)* @_ssdm_op_SpecRegionBegin([20 x i8]* @p_str1819)

ST_2: stg_16 [1/1] 0.00ns
:2  call void (...)* @_ssdm_op_SpecPipeline(i32 1, i32 1, i32 1, i32 0, [1 x i8]* @p_str1806) nounwind

ST_2: stg_17 [1/1] 0.00ns
:3  call void (...)* @_ssdm_op_SpecLoopTripCount(i32 0, i32 0, i32 0, [1 x i8]* @p_str1806) nounwind

ST_2: empty [1/1] 0.00ns
:4  %empty = call { i32, i4, i4, i1, i1, i1, i1 } @_ssdm_op_Read.axis.volatile.i32P.i4P.i4P.i1P.i1P.i1P.i1P(i32* %AXI_video_strm_V_data_V, i4* %AXI_video_strm_V_keep_V, i4* %AXI_video_strm_V_strb_V, i1* %AXI_video_strm_V_user_V, i1* %AXI_video_strm_V_last_V, i1* %AXI_video_strm_V_id_V, i1* %AXI_video_strm_V_dest_V)

ST_2: tmp_data_V [1/1] 0.00ns
:5  %tmp_data_V = extractvalue { i32, i4, i4, i1, i1, i1, i1 } %empty, 0

ST_2: tmp_user_V [1/1] 0.00ns
:6  %tmp_user_V = extractvalue { i32, i4, i4, i1, i1, i1, i1 } %empty, 3

ST_2: tmp_last_V [1/1] 0.00ns
:7  %tmp_last_V = extractvalue { i32, i4, i4, i1, i1, i1, i1 } %empty, 4

ST_2: empty_27 [1/1] 0.00ns
:8  %empty_27 = call i32 (...)* @_ssdm_op_SpecRegionEnd([20 x i8]* @p_str1819, i32 %tmp)

ST_2: stg_23 [1/1] 0.00ns
:9  br i1 %tmp_user_V, label %.preheader194.preheader, label %0


 <State 3>: 1.57ns
ST_3: sof_1 [1/1] 0.00ns
.preheader194.preheader:0  %sof_1 = alloca i1, align 1

ST_3: stg_25 [1/1] 1.57ns
.preheader194.preheader:1  store i1 true, i1* %sof_1, align 1

ST_3: stg_26 [1/1] 1.57ns
.preheader194.preheader:2  br label %.preheader194


 <State 4>: 3.51ns
ST_4: axi_last_V1 [1/1] 0.00ns
.preheader194:0  %axi_last_V1 = phi i1 [ %axi_last_V_3, %6 ], [ %tmp_last_V, %.preheader194.preheader ]

ST_4: axi_data_V1 [1/1] 0.00ns
.preheader194:1  %axi_data_V1 = phi i32 [ %axi_data_V_3, %6 ], [ %tmp_data_V, %.preheader194.preheader ]

ST_4: p_s [1/1] 0.00ns
.preheader194:2  %p_s = phi i12 [ %i_V, %6 ], [ 0, %.preheader194.preheader ]

ST_4: exitcond3 [1/1] 2.14ns
.preheader194:3  %exitcond3 = icmp eq i12 %p_s, %img_rows_V_read_1

ST_4: i_V [1/1] 1.84ns
.preheader194:4  %i_V = add i12 %p_s, 1

ST_4: stg_32 [1/1] 0.00ns
.preheader194:5  br i1 %exitcond3, label %7, label %1

ST_4: stg_33 [1/1] 0.00ns
:0  call void (...)* @_ssdm_op_SpecLoopName([12 x i8]* @p_str1820) nounwind

ST_4: tmp_s [1/1] 0.00ns
:1  %tmp_s = call i32 (...)* @_ssdm_op_SpecRegionBegin([12 x i8]* @p_str1820)

ST_4: stg_35 [1/1] 0.00ns
:2  call void (...)* @_ssdm_op_SpecLoopTripCount(i32 0, i32 480, i32 0, [1 x i8]* @p_str1806) nounwind

ST_4: stg_36 [1/1] 1.57ns
:3  br label %2

ST_4: stg_37 [1/1] 0.00ns
:0  ret void


 <State 5>: 4.31ns
ST_5: eol_1 [1/1] 0.00ns
:0  %eol_1 = phi i1 [ %axi_last_V1, %1 ], [ %axi_last_V_2, %.critedge195 ]

ST_5: axi_data_V_1 [1/1] 0.00ns
:1  %axi_data_V_1 = phi i32 [ %axi_data_V1, %1 ], [ %p_Val2_s, %.critedge195 ]

ST_5: p_3 [1/1] 0.00ns
:2  %p_3 = phi i12 [ 0, %1 ], [ %j_V, %.critedge195 ]

ST_5: eol [1/1] 0.00ns
:3  %eol = phi i1 [ false, %1 ], [ %eol_2, %.critedge195 ]

ST_5: exitcond [1/1] 2.14ns
:4  %exitcond = icmp eq i12 %p_3, %img_cols_V_read_1

ST_5: j_V [1/1] 1.84ns
:5  %j_V = add i12 %p_3, 1

ST_5: stg_44 [1/1] 1.57ns
:6  br i1 %exitcond, label %.preheader, label %3

ST_5: sof_1_load [1/1] 0.00ns
:0  %sof_1_load = load i1* %sof_1, align 1

ST_5: brmerge [1/1] 1.37ns
:5  %brmerge = or i1 %sof_1_load, %eol

ST_5: not_sof_2 [1/1] 1.37ns
:6  %not_sof_2 = xor i1 %sof_1_load, true

ST_5: axi_last_V_1_mux [1/1] 1.37ns
:7  %axi_last_V_1_mux = or i1 %eol_1, %not_sof_2

ST_5: stg_49 [1/1] 1.57ns
:8  br i1 %brmerge, label %.critedge195, label %4

ST_5: empty_28 [1/1] 0.00ns
:0  %empty_28 = call { i32, i4, i4, i1, i1, i1, i1 } @_ssdm_op_Read.axis.volatile.i32P.i4P.i4P.i1P.i1P.i1P.i1P(i32* %AXI_video_strm_V_data_V, i4* %AXI_video_strm_V_keep_V, i4* %AXI_video_strm_V_strb_V, i1* %AXI_video_strm_V_user_V, i1* %AXI_video_strm_V_last_V, i1* %AXI_video_strm_V_id_V, i1* %AXI_video_strm_V_dest_V)

ST_5: tmp_data_V_1 [1/1] 0.00ns
:1  %tmp_data_V_1 = extractvalue { i32, i4, i4, i1, i1, i1, i1 } %empty_28, 0

ST_5: tmp_last_V_1 [1/1] 0.00ns
:2  %tmp_last_V_1 = extractvalue { i32, i4, i4, i1, i1, i1, i1 } %empty_28, 4

ST_5: stg_53 [1/1] 1.57ns
:3  br label %.critedge195

ST_5: axi_last_V_2 [1/1] 0.00ns
.critedge195:0  %axi_last_V_2 = phi i1 [ %tmp_last_V_1, %4 ], [ %eol_1, %3 ]

ST_5: p_Val2_s [1/1] 0.00ns
.critedge195:1  %p_Val2_s = phi i32 [ %tmp_data_V_1, %4 ], [ %axi_data_V_1, %3 ]

ST_5: eol_2 [1/1] 0.00ns
.critedge195:2  %eol_2 = phi i1 [ %tmp_last_V_1, %4 ], [ %axi_last_V_1_mux, %3 ]

ST_5: stg_57 [1/1] 1.57ns
.critedge195:10  store i1 false, i1* %sof_1, align 1


 <State 6>: 2.62ns
ST_6: stg_58 [1/1] 0.00ns
:1  call void (...)* @_ssdm_op_SpecLoopName([11 x i8]* @p_str1821) nounwind

ST_6: tmp_1 [1/1] 0.00ns
:2  %tmp_1 = call i32 (...)* @_ssdm_op_SpecRegionBegin([11 x i8]* @p_str1821)

ST_6: stg_60 [1/1] 0.00ns
:3  call void (...)* @_ssdm_op_SpecLoopTripCount(i32 0, i32 640, i32 0, [1 x i8]* @p_str1806) nounwind

ST_6: stg_61 [1/1] 0.00ns
:4  call void (...)* @_ssdm_op_SpecPipeline(i32 1, i32 1, i32 1, i32 0, [1 x i8]* @p_str1806) nounwind

ST_6: stg_62 [1/1] 0.00ns
.critedge195:3  call void (...)* @_ssdm_op_SpecLoopName([14 x i8]* @p_str1822) nounwind

ST_6: tmp_3 [1/1] 0.00ns
.critedge195:4  %tmp_3 = bitcast i32 %p_Val2_s to float

ST_6: tmp_4 [1/1] 0.00ns
.critedge195:5  %tmp_4 = call i32 (...)* @_ssdm_op_SpecRegionBegin([13 x i8]* @p_str1845)

ST_6: stg_65 [1/1] 0.00ns
.critedge195:6  call void (...)* @_ssdm_op_SpecProtocol(i32 0, [1 x i8]* @p_str1806) nounwind

ST_6: stg_66 [1/1] 2.62ns
.critedge195:7  call void @_ssdm_op_Write.ap_fifo.volatile.floatP(float* %img_data_stream_V, float %tmp_3)

ST_6: empty_29 [1/1] 0.00ns
.critedge195:8  %empty_29 = call i32 (...)* @_ssdm_op_SpecRegionEnd([13 x i8]* @p_str1845, i32 %tmp_4)

ST_6: empty_30 [1/1] 0.00ns
.critedge195:9  %empty_30 = call i32 (...)* @_ssdm_op_SpecRegionEnd([11 x i8]* @p_str1821, i32 %tmp_1)

ST_6: stg_69 [1/1] 0.00ns
.critedge195:11  br label %2


 <State 7>: 0.00ns
ST_7: axi_last_V_3 [1/1] 0.00ns
.preheader:0  %axi_last_V_3 = phi i1 [ %tmp_last_V_2, %5 ], [ %eol_1, %2 ]

ST_7: axi_data_V_3 [1/1] 0.00ns
.preheader:1  %axi_data_V_3 = phi i32 [ %tmp_data_V_2, %5 ], [ %axi_data_V_1, %2 ]

ST_7: eol_3 [1/1] 0.00ns
.preheader:2  %eol_3 = phi i1 [ %tmp_last_V_2, %5 ], [ %eol, %2 ]

ST_7: stg_73 [1/1] 0.00ns
.preheader:3  br i1 %eol_3, label %6, label %5

ST_7: stg_74 [1/1] 0.00ns
:0  call void (...)* @_ssdm_op_SpecLoopName([18 x i8]* @p_str1823) nounwind

ST_7: tmp_2 [1/1] 0.00ns
:1  %tmp_2 = call i32 (...)* @_ssdm_op_SpecRegionBegin([18 x i8]* @p_str1823)

ST_7: stg_76 [1/1] 0.00ns
:2  call void (...)* @_ssdm_op_SpecPipeline(i32 1, i32 1, i32 1, i32 0, [1 x i8]* @p_str1806) nounwind

ST_7: stg_77 [1/1] 0.00ns
:3  call void (...)* @_ssdm_op_SpecLoopTripCount(i32 0, i32 0, i32 0, [1 x i8]* @p_str1806) nounwind

ST_7: empty_31 [1/1] 0.00ns
:4  %empty_31 = call { i32, i4, i4, i1, i1, i1, i1 } @_ssdm_op_Read.axis.volatile.i32P.i4P.i4P.i1P.i1P.i1P.i1P(i32* %AXI_video_strm_V_data_V, i4* %AXI_video_strm_V_keep_V, i4* %AXI_video_strm_V_strb_V, i1* %AXI_video_strm_V_user_V, i1* %AXI_video_strm_V_last_V, i1* %AXI_video_strm_V_id_V, i1* %AXI_video_strm_V_dest_V)

ST_7: tmp_data_V_2 [1/1] 0.00ns
:5  %tmp_data_V_2 = extractvalue { i32, i4, i4, i1, i1, i1, i1 } %empty_31, 0

ST_7: tmp_last_V_2 [1/1] 0.00ns
:6  %tmp_last_V_2 = extractvalue { i32, i4, i4, i1, i1, i1, i1 } %empty_31, 4

ST_7: empty_32 [1/1] 0.00ns
:7  %empty_32 = call i32 (...)* @_ssdm_op_SpecRegionEnd([18 x i8]* @p_str1823, i32 %tmp_2)

ST_7: stg_82 [1/1] 0.00ns
:8  br label %.preheader


 <State 8>: 0.00ns
ST_8: empty_33 [1/1] 0.00ns
:0  %empty_33 = call i32 (...)* @_ssdm_op_SpecRegionEnd([12 x i8]* @p_str1820, i32 %tmp_s)

ST_8: stg_84 [1/1] 0.00ns
:1  br label %.preheader194



============================================================
+ Verbose Summary: Binding
============================================================
N/A
* FSMD analyzer results:
  - Output states:
  - Chain level:
	State 1
	State 2
	State 3
	State 4
	State 5
	State 6
	State 7
	State 8


============================================================
+ Verbose Summary: Datapath Resource usage 
============================================================
N/A
