

================================================================
== Vivado HLS Report for 'image_filter_fh'
================================================================
* Date:           Wed Jun  3 13:51:37 2015

* Version:        2015.1 (Build 1215546 on Mon Apr 27 19:24:50 PM 2015)
* Project:        image_filter_2
* Solution:       solution1
* Product family: zynq
* Target device:  xc7z020clg484-1


================================================================
== Performance Estimates
================================================================
+ Timing (ns): 
    * Summary: 
    +---------+-------+----------+------------+
    |  Clock  | Target| Estimated| Uncertainty|
    +---------+-------+----------+------------+
    |default  |   6.50|      5.69|        0.81|
    +---------+-------+----------+------------+

+ Latency (clock cycles): 
    * Summary: 
    +--------+--------+--------+--------+----------+
    |     Latency     |     Interval    | Pipeline |
    |   min  |   max  |   min  |   max  |   Type   |
    +--------+--------+--------+--------+----------+
    |  384297|  384298|  384221|  384221| dataflow |
    +--------+--------+--------+--------+----------+

    + Detail: 
        * Instance: 
        N/A

        * Loop: 
        N/A



================================================================
== Utilization Estimates
================================================================
* Summary: 
+-----------------+---------+-------+--------+-------+
|       Name      | BRAM_18K| DSP48E|   FF   |  LUT  |
+-----------------+---------+-------+--------+-------+
|Expression       |        -|      -|       -|      -|
|FIFO             |        -|      -|       -|      -|
|Instance         |        -|      -|       -|      -|
|Memory           |        -|      -|       -|      -|
|Multiplexer      |        -|      -|       -|      -|
|Register         |        -|      -|       -|      -|
+-----------------+---------+-------+--------+-------+
|Total            |        0|      0|       0|      0|
+-----------------+---------+-------+--------+-------+
|Available        |      280|    220|  106400|  53200|
+-----------------+---------+-------+--------+-------+
|Utilization (%)  |        0|      0|       0|      0|
+-----------------+---------+-------+--------+-------+

+ Detail: 
    * Instance: 
    N/A

    * Memory: 
    N/A

    * FIFO: 
    N/A

    * Expression: 
    N/A

    * Multiplexer: 
    N/A

    * Register: 
    N/A



================================================================
== Interface
================================================================
* Summary: 
+---------------------------+-----+-----+---------+--------------+--------+
|         RTL Ports         | Dir | Bits| Protocol| Source Object| C Type |
+---------------------------+-----+-----+---------+--------------+--------+
|s_axi_control_bus_AWVALID  |  in |    1|  s_axi  |  control_bus | scalar |
|s_axi_control_bus_AWREADY  | out |    1|  s_axi  |  control_bus | scalar |
|s_axi_control_bus_AWADDR   |  in |    6|  s_axi  |  control_bus | scalar |
|s_axi_control_bus_WVALID   |  in |    1|  s_axi  |  control_bus | scalar |
|s_axi_control_bus_WREADY   | out |    1|  s_axi  |  control_bus | scalar |
|s_axi_control_bus_WDATA    |  in |   32|  s_axi  |  control_bus | scalar |
|s_axi_control_bus_WSTRB    |  in |    4|  s_axi  |  control_bus | scalar |
|s_axi_control_bus_ARVALID  |  in |    1|  s_axi  |  control_bus | scalar |
|s_axi_control_bus_ARREADY  | out |    1|  s_axi  |  control_bus | scalar |
|s_axi_control_bus_ARADDR   |  in |    6|  s_axi  |  control_bus | scalar |
|s_axi_control_bus_RVALID   | out |    1|  s_axi  |  control_bus | scalar |
|s_axi_control_bus_RREADY   |  in |    1|  s_axi  |  control_bus | scalar |
|s_axi_control_bus_RDATA    | out |   32|  s_axi  |  control_bus | scalar |
|s_axi_control_bus_RRESP    | out |    2|  s_axi  |  control_bus | scalar |
|s_axi_control_bus_BVALID   | out |    1|  s_axi  |  control_bus | scalar |
|s_axi_control_bus_BREADY   |  in |    1|  s_axi  |  control_bus | scalar |
|s_axi_control_bus_BRESP    | out |    2|  s_axi  |  control_bus | scalar |
+---------------------------+-----+-----+---------+--------------+--------+

============================================================
+ Verbose Summary: Synthesis Manager
============================================================
InlineROM: 1
ExposeGlobal: 0
============================================================
+ Verbose Summary: CDFG Model
============================================================
IsTopModel: 1
ResetActiveHigh: 1
IsCombinational: 2
IsDatapathOnly: 0
HasWiredReturn: 1
HasMFsm: 0
HasVarLatency: 1
IsPipeline: 0
IsRtlPipelined: 0
IsInstanceOverlapped: 0
IsDontTouch: 0
HasImplIP: 0
IsGatedGlobalClock: 0


============================================================
+ Verbose Summary: Schedule
============================================================
* Number of FSM states: 10
* Pipeline: 0
* Dataflow Pipeline: 1
  DF-Pipeline-0: Size = 10, States = { 1 2 3 4 5 6 7 8 9 10 }

* FSM state transitions: 
1 --> 
	2  / true
2 --> 
	3  / true
3 --> 
	4  / true
4 --> 
	5  / true
5 --> 
	6  / true
6 --> 
	7  / true
7 --> 
	8  / true
8 --> 
	9  / true
9 --> 
	10  / true
10 --> 
* FSM state operations: 

 <State 1>: 3.52ns
ST_1: filter_size_read [1/1] 1.00ns
Mat.exit7:19  %filter_size_read = call i32 @_ssdm_op_Read.s_axilite.i32(i32 %filter_size)

ST_1: cols_read [1/1] 1.00ns
Mat.exit7:20  %cols_read = call i32 @_ssdm_op_Read.s_axilite.i32(i32 %cols)

ST_1: rows_read [1/1] 1.00ns
Mat.exit7:21  %rows_read = call i32 @_ssdm_op_Read.s_axilite.i32(i32 %rows)

ST_1: img_0_data_stream_0_V [1/1] 0.00ns
Mat.exit7:22  %img_0_data_stream_0_V = alloca float, align 4

ST_1: img_1_data_stream_0_V [1/1] 0.00ns
Mat.exit7:25  %img_1_data_stream_0_V = alloca float, align 4

ST_1: img_12_data_stream_0_V [1/1] 0.00ns
Mat.exit7:28  %img_12_data_stream_0_V = alloca float, align 4

ST_1: img_2_data_stream_0_V [1/1] 0.00ns
Mat.exit7:31  %img_2_data_stream_0_V = alloca float, align 4

ST_1: call_ret [1/1] 0.00ns
Mat.exit7:40  %call_ret = call fastcc { i12, i12, i12, i12 } @image_filter_fh_Block_Mat.exit712_proc(i32 %rows_read, i32 %cols_read)

ST_1: img_0_rows_V_channel [1/1] 0.00ns
Mat.exit7:41  %img_0_rows_V_channel = extractvalue { i12, i12, i12, i12 } %call_ret, 0

ST_1: img_0_cols_V_channel [1/1] 0.00ns
Mat.exit7:42  %img_0_cols_V_channel = extractvalue { i12, i12, i12, i12 } %call_ret, 1

ST_1: img_2_rows_V_channel [1/1] 0.00ns
Mat.exit7:43  %img_2_rows_V_channel = extractvalue { i12, i12, i12, i12 } %call_ret, 2

ST_1: img_2_cols_V_channel [1/1] 0.00ns
Mat.exit7:44  %img_2_cols_V_channel = extractvalue { i12, i12, i12, i12 } %call_ret, 3

ST_1: stg_23 [2/2] 1.57ns
Mat.exit7:45  call fastcc void @"image_filter_fh_AXIvideo2Mat<32, 480, 640, 5>"(i32* %bus_input_axis_V_data_V, i4* %bus_input_axis_V_keep_V, i4* %bus_input_axis_V_strb_V, i1* %bus_input_axis_V_user_V, i1* %bus_input_axis_V_last_V, i1* %bus_input_axis_V_id_V, i1* %bus_input_axis_V_dest_V, i12 %img_0_rows_V_channel, i12 %img_0_cols_V_channel, float* %img_0_data_stream_0_V)

ST_1: FILTER_SIZE_4_loc_channel [2/2] 2.52ns
Mat.exit7:47  %FILTER_SIZE_4_loc_channel = call fastcc i6 @image_filter_fh_Block_Mat.exit71218_proc(i32 %filter_size_read)


 <State 2>: 4.11ns
ST_2: stg_25 [1/2] 0.00ns
Mat.exit7:45  call fastcc void @"image_filter_fh_AXIvideo2Mat<32, 480, 640, 5>"(i32* %bus_input_axis_V_data_V, i4* %bus_input_axis_V_keep_V, i4* %bus_input_axis_V_strb_V, i1* %bus_input_axis_V_user_V, i1* %bus_input_axis_V_last_V, i1* %bus_input_axis_V_id_V, i1* %bus_input_axis_V_dest_V, i12 %img_0_rows_V_channel, i12 %img_0_cols_V_channel, float* %img_0_data_stream_0_V)

ST_2: FILTER_SIZE_4_loc_channel [1/2] 4.11ns
Mat.exit7:47  %FILTER_SIZE_4_loc_channel = call fastcc i6 @image_filter_fh_Block_Mat.exit71218_proc(i32 %filter_size_read)


 <State 3>: 0.00ns
ST_3: stg_27 [2/2] 0.00ns
Mat.exit7:46  call fastcc void @"image_filter_fh_PadImage<480, 640, 51>"(float* %img_0_data_stream_0_V, float* %img_1_data_stream_0_V)


 <State 4>: 0.00ns
ST_4: stg_28 [1/2] 0.00ns
Mat.exit7:46  call fastcc void @"image_filter_fh_PadImage<480, 640, 51>"(float* %img_0_data_stream_0_V, float* %img_1_data_stream_0_V)


 <State 5>: 0.00ns
ST_5: stg_29 [2/2] 0.00ns
Mat.exit7:48  call fastcc void @"image_filter_fh_FilterTest<480, 640>1"(float* %img_1_data_stream_0_V, float* %img_12_data_stream_0_V, i6 %FILTER_SIZE_4_loc_channel)


 <State 6>: 0.00ns
ST_6: stg_30 [1/2] 0.00ns
Mat.exit7:48  call fastcc void @"image_filter_fh_FilterTest<480, 640>1"(float* %img_1_data_stream_0_V, float* %img_12_data_stream_0_V, i6 %FILTER_SIZE_4_loc_channel)


 <State 7>: 0.00ns
ST_7: stg_31 [2/2] 0.00ns
Mat.exit7:49  call fastcc void @image_filter_fh_Loop_1_proc(float* %img_12_data_stream_0_V, float* %img_2_data_stream_0_V)


 <State 8>: 0.00ns
ST_8: stg_32 [1/2] 0.00ns
Mat.exit7:49  call fastcc void @image_filter_fh_Loop_1_proc(float* %img_12_data_stream_0_V, float* %img_2_data_stream_0_V)


 <State 9>: 1.84ns
ST_9: stg_33 [2/2] 1.84ns
Mat.exit7:50  call fastcc void @"image_filter_fh_Mat2AXIvideo<32, 480, 640, 5>"(i12 %img_2_rows_V_channel, i12 %img_2_cols_V_channel, float* %img_2_data_stream_0_V, i32* %bus_output_axis_V_data_V, i4* %bus_output_axis_V_keep_V, i4* %bus_output_axis_V_strb_V, i1* %bus_output_axis_V_user_V, i1* %bus_output_axis_V_last_V, i1* %bus_output_axis_V_id_V, i1* %bus_output_axis_V_dest_V)


 <State 10>: 2.84ns
ST_10: stg_34 [1/1] 0.00ns
Mat.exit7:0  call void (...)* @_ssdm_op_SpecDataflowPipeline(i32 -1, [1 x i8]* @p_str1807) nounwind

ST_10: stg_35 [1/1] 0.00ns
Mat.exit7:1  call void (...)* @_ssdm_op_SpecBitsMap(i32* %bus_input_axis_V_data_V), !map !7

ST_10: stg_36 [1/1] 0.00ns
Mat.exit7:2  call void (...)* @_ssdm_op_SpecBitsMap(i4* %bus_input_axis_V_keep_V), !map !11

ST_10: stg_37 [1/1] 0.00ns
Mat.exit7:3  call void (...)* @_ssdm_op_SpecBitsMap(i4* %bus_input_axis_V_strb_V), !map !15

ST_10: stg_38 [1/1] 0.00ns
Mat.exit7:4  call void (...)* @_ssdm_op_SpecBitsMap(i1* %bus_input_axis_V_user_V), !map !19

ST_10: stg_39 [1/1] 0.00ns
Mat.exit7:5  call void (...)* @_ssdm_op_SpecBitsMap(i1* %bus_input_axis_V_last_V), !map !23

ST_10: stg_40 [1/1] 0.00ns
Mat.exit7:6  call void (...)* @_ssdm_op_SpecBitsMap(i1* %bus_input_axis_V_id_V), !map !27

ST_10: stg_41 [1/1] 0.00ns
Mat.exit7:7  call void (...)* @_ssdm_op_SpecBitsMap(i1* %bus_input_axis_V_dest_V), !map !31

ST_10: stg_42 [1/1] 0.00ns
Mat.exit7:8  call void (...)* @_ssdm_op_SpecBitsMap(i32* %bus_output_axis_V_data_V), !map !35

ST_10: stg_43 [1/1] 0.00ns
Mat.exit7:9  call void (...)* @_ssdm_op_SpecBitsMap(i4* %bus_output_axis_V_keep_V), !map !39

ST_10: stg_44 [1/1] 0.00ns
Mat.exit7:10  call void (...)* @_ssdm_op_SpecBitsMap(i4* %bus_output_axis_V_strb_V), !map !43

ST_10: stg_45 [1/1] 0.00ns
Mat.exit7:11  call void (...)* @_ssdm_op_SpecBitsMap(i1* %bus_output_axis_V_user_V), !map !47

ST_10: stg_46 [1/1] 0.00ns
Mat.exit7:12  call void (...)* @_ssdm_op_SpecBitsMap(i1* %bus_output_axis_V_last_V), !map !51

ST_10: stg_47 [1/1] 0.00ns
Mat.exit7:13  call void (...)* @_ssdm_op_SpecBitsMap(i1* %bus_output_axis_V_id_V), !map !55

ST_10: stg_48 [1/1] 0.00ns
Mat.exit7:14  call void (...)* @_ssdm_op_SpecBitsMap(i1* %bus_output_axis_V_dest_V), !map !59

ST_10: stg_49 [1/1] 0.00ns
Mat.exit7:15  call void (...)* @_ssdm_op_SpecBitsMap(i32 %rows), !map !63

ST_10: stg_50 [1/1] 0.00ns
Mat.exit7:16  call void (...)* @_ssdm_op_SpecBitsMap(i32 %cols), !map !69

ST_10: stg_51 [1/1] 0.00ns
Mat.exit7:17  call void (...)* @_ssdm_op_SpecBitsMap(i32 %filter_size), !map !73

ST_10: stg_52 [1/1] 0.00ns
Mat.exit7:18  call void (...)* @_ssdm_op_SpecTopModule([16 x i8]* @str) nounwind

ST_10: empty [1/1] 0.00ns
Mat.exit7:23  %empty = call i32 (...)* @_ssdm_op_SpecChannel([23 x i8]* @str58, i32 1, [1 x i8]* @str59, [1 x i8]* @str59, i32 1, i32 1, float* %img_0_data_stream_0_V, float* %img_0_data_stream_0_V)

ST_10: stg_54 [1/1] 0.00ns
Mat.exit7:24  call void (...)* @_ssdm_op_SpecInterface(float* %img_0_data_stream_0_V, [8 x i8]* @str60, i32 0, i32 0, i32 0, i32 0, [1 x i8]* @str61, [1 x i8]* @str61, [8 x i8]* @str60)

ST_10: empty_8 [1/1] 0.00ns
Mat.exit7:26  %empty_8 = call i32 (...)* @_ssdm_op_SpecChannel([23 x i8]* @str62, i32 1, [1 x i8]* @str63, [1 x i8]* @str63, i32 1, i32 1, float* %img_1_data_stream_0_V, float* %img_1_data_stream_0_V)

ST_10: stg_56 [1/1] 0.00ns
Mat.exit7:27  call void (...)* @_ssdm_op_SpecInterface(float* %img_1_data_stream_0_V, [8 x i8]* @str64, i32 0, i32 0, i32 0, i32 0, [1 x i8]* @str65, [1 x i8]* @str65, [8 x i8]* @str64)

ST_10: empty_9 [1/1] 0.00ns
Mat.exit7:29  %empty_9 = call i32 (...)* @_ssdm_op_SpecChannel([24 x i8]* @str66, i32 1, [1 x i8]* @str67, [1 x i8]* @str67, i32 1, i32 1, float* %img_12_data_stream_0_V, float* %img_12_data_stream_0_V)

ST_10: stg_58 [1/1] 0.00ns
Mat.exit7:30  call void (...)* @_ssdm_op_SpecInterface(float* %img_12_data_stream_0_V, [8 x i8]* @str68, i32 0, i32 0, i32 0, i32 0, [1 x i8]* @str69, [1 x i8]* @str69, [8 x i8]* @str68)

ST_10: empty_10 [1/1] 0.00ns
Mat.exit7:32  %empty_10 = call i32 (...)* @_ssdm_op_SpecChannel([23 x i8]* @str70, i32 1, [1 x i8]* @str71, [1 x i8]* @str71, i32 1, i32 1, float* %img_2_data_stream_0_V, float* %img_2_data_stream_0_V)

ST_10: stg_60 [1/1] 0.00ns
Mat.exit7:33  call void (...)* @_ssdm_op_SpecInterface(float* %img_2_data_stream_0_V, [8 x i8]* @str72, i32 0, i32 0, i32 0, i32 0, [1 x i8]* @str73, [1 x i8]* @str73, [8 x i8]* @str72)

ST_10: stg_61 [1/1] 0.00ns
Mat.exit7:34  call void (...)* @_ssdm_op_SpecInterface(i32* %bus_input_axis_V_data_V, i4* %bus_input_axis_V_keep_V, i4* %bus_input_axis_V_strb_V, i1* %bus_input_axis_V_user_V, i1* %bus_input_axis_V_last_V, i1* %bus_input_axis_V_id_V, i1* %bus_input_axis_V_dest_V, [5 x i8]* @p_str1805, i32 0, i32 0, i32 0, i32 0, [15 x i8]* @p_str1806, [1 x i8]* @p_str1807, [1 x i8]* @p_str1807) nounwind

ST_10: stg_62 [1/1] 0.00ns
Mat.exit7:35  call void (...)* @_ssdm_op_SpecInterface(i32* %bus_output_axis_V_data_V, i4* %bus_output_axis_V_keep_V, i4* %bus_output_axis_V_strb_V, i1* %bus_output_axis_V_user_V, i1* %bus_output_axis_V_last_V, i1* %bus_output_axis_V_id_V, i1* %bus_output_axis_V_dest_V, [5 x i8]* @p_str1805, i32 0, i32 0, i32 0, i32 0, [16 x i8]* @p_str1808, [1 x i8]* @p_str1807, [1 x i8]* @p_str1807) nounwind

ST_10: stg_63 [1/1] 0.00ns
Mat.exit7:36  call void (...)* @_ssdm_op_SpecInterface(i32 %filter_size, [10 x i8]* @p_str1809, i32 0, i32 0, i32 0, i32 0, [12 x i8]* @p_str1810, [1 x i8]* @p_str1807, [1 x i8]* @p_str1807) nounwind

ST_10: stg_64 [1/1] 0.00ns
Mat.exit7:37  call void (...)* @_ssdm_op_SpecInterface(i32 %rows, [10 x i8]* @p_str1809, i32 0, i32 0, i32 0, i32 0, [12 x i8]* @p_str1810, [1 x i8]* @p_str1807, [1 x i8]* @p_str1807) nounwind

ST_10: stg_65 [1/1] 0.00ns
Mat.exit7:38  call void (...)* @_ssdm_op_SpecInterface(i32 %cols, [10 x i8]* @p_str1809, i32 0, i32 0, i32 0, i32 0, [12 x i8]* @p_str1810, [1 x i8]* @p_str1807, [1 x i8]* @p_str1807) nounwind

ST_10: stg_66 [1/1] 0.00ns
Mat.exit7:39  call void (...)* @_ssdm_op_SpecInterface(i32 0, [10 x i8]* @p_str1809, i32 0, i32 0, i32 0, i32 0, [12 x i8]* @p_str1810, [1 x i8]* @p_str1807, [1 x i8]* @p_str1807) nounwind

ST_10: stg_67 [1/2] 2.84ns
Mat.exit7:50  call fastcc void @"image_filter_fh_Mat2AXIvideo<32, 480, 640, 5>"(i12 %img_2_rows_V_channel, i12 %img_2_cols_V_channel, float* %img_2_data_stream_0_V, i32* %bus_output_axis_V_data_V, i4* %bus_output_axis_V_keep_V, i4* %bus_output_axis_V_strb_V, i1* %bus_output_axis_V_user_V, i1* %bus_output_axis_V_last_V, i1* %bus_output_axis_V_id_V, i1* %bus_output_axis_V_dest_V)

ST_10: stg_68 [1/1] 0.00ns
Mat.exit7:51  ret void



============================================================
+ Verbose Summary: Binding
============================================================
STG Binding: 
---------------- STG Properties BEGIN ----------------
- Is combinational: 0
- Is one-state seq: 0
- Is datapath-only: 0
- Is clock enabled: 0
- Is pipelined: 0
- Is top level: 1
Port [ Return ] is wired: 1; IO mode=ap_ctrl_hs:ce=0
Port [ bus_input_axis_V_data_V]:  wired=1; compound=1; hidden=0; nouse=0; global=0; static=0; extern=0; dir=0; type=0; mode=0x7fc0107afbb0; pingpong=0; private_global=0; IO mode=axis:ce=0
Port [ bus_input_axis_V_keep_V]:  wired=1; compound=1; hidden=0; nouse=0; global=0; static=0; extern=0; dir=0; type=0; mode=0x7fc00cb76cf0; pingpong=0; private_global=0; IO mode=axis:ce=0
Port [ bus_input_axis_V_strb_V]:  wired=1; compound=1; hidden=0; nouse=0; global=0; static=0; extern=0; dir=0; type=0; mode=0x7fc00bfc9170; pingpong=0; private_global=0; IO mode=axis:ce=0
Port [ bus_input_axis_V_user_V]:  wired=1; compound=1; hidden=0; nouse=0; global=0; static=0; extern=0; dir=0; type=0; mode=0x7fc011fbda00; pingpong=0; private_global=0; IO mode=axis:ce=0
Port [ bus_input_axis_V_last_V]:  wired=1; compound=1; hidden=0; nouse=0; global=0; static=0; extern=0; dir=0; type=0; mode=0x7fc011f97400; pingpong=0; private_global=0; IO mode=axis:ce=0
Port [ bus_input_axis_V_id_V]:  wired=1; compound=1; hidden=0; nouse=0; global=0; static=0; extern=0; dir=0; type=0; mode=0x7fc00ca6cfa0; pingpong=0; private_global=0; IO mode=axis:ce=0
Port [ bus_input_axis_V_dest_V]:  wired=1; compound=1; hidden=0; nouse=0; global=0; static=0; extern=0; dir=0; type=0; mode=0x7fc01283f120; pingpong=0; private_global=0; IO mode=axis:ce=0
Port [ bus_output_axis_V_data_V]:  wired=1; compound=1; hidden=0; nouse=0; global=0; static=0; extern=0; dir=1; type=0; mode=0x7fc009d2d630; pingpong=0; private_global=0; IO mode=axis:ce=0
Port [ bus_output_axis_V_keep_V]:  wired=1; compound=1; hidden=0; nouse=0; global=0; static=0; extern=0; dir=1; type=0; mode=0x7fc00a3b6450; pingpong=0; private_global=0; IO mode=axis:ce=0
Port [ bus_output_axis_V_strb_V]:  wired=1; compound=1; hidden=0; nouse=0; global=0; static=0; extern=0; dir=1; type=0; mode=0x7fc0091a6e70; pingpong=0; private_global=0; IO mode=axis:ce=0
Port [ bus_output_axis_V_user_V]:  wired=1; compound=1; hidden=0; nouse=0; global=0; static=0; extern=0; dir=1; type=0; mode=0x7fc012603ba0; pingpong=0; private_global=0; IO mode=axis:ce=0
Port [ bus_output_axis_V_last_V]:  wired=1; compound=1; hidden=0; nouse=0; global=0; static=0; extern=0; dir=1; type=0; mode=0x7fc012102b60; pingpong=0; private_global=0; IO mode=axis:ce=0
Port [ bus_output_axis_V_id_V]:  wired=1; compound=1; hidden=0; nouse=0; global=0; static=0; extern=0; dir=1; type=0; mode=0x7fc011c5c5b0; pingpong=0; private_global=0; IO mode=axis:ce=0
Port [ bus_output_axis_V_dest_V]:  wired=1; compound=1; hidden=0; nouse=0; global=0; static=0; extern=0; dir=1; type=0; mode=0x7fc012d15260; pingpong=0; private_global=0; IO mode=axis:ce=0
Port [ rows]:  wired=1; compound=0; hidden=0; nouse=0; global=0; static=0; extern=0; dir=0; type=0; mode=0x7fc009efb0e0; pingpong=0; private_global=0; IO mode=ap_none:ce=0
Port [ cols]:  wired=1; compound=0; hidden=0; nouse=0; global=0; static=0; extern=0; dir=0; type=0; mode=0x7fc009b2d910; pingpong=0; private_global=0; IO mode=ap_none:ce=0
Port [ filter_size]:  wired=1; compound=0; hidden=0; nouse=0; global=0; static=0; extern=0; dir=0; type=0; mode=0x7fc009c81380; pingpong=0; private_global=0; IO mode=ap_none:ce=0
Port [ linebuffer]:  wired=0; compound=1; hidden=1; nouse=1; global=1; static=1; extern=0; dir=2; type=1; mode=0x7fc00a27c1f0; pingpong=0; private_global=0; linkage=7; visibility=0; MemPort=[23]; IO mode=ap_memory:ce=0
---------------- STG Properties END ------------------

---------------- Datapath Model BEGIN ----------------

<LifeTime>
<method=bitvector/>
filter_size_read          (read                ) [ 00100000000]
cols_read                 (read                ) [ 00000000000]
rows_read                 (read                ) [ 00000000000]
img_0_data_stream_0_V     (alloca              ) [ 01111111111]
img_1_data_stream_0_V     (alloca              ) [ 00111111111]
img_12_data_stream_0_V    (alloca              ) [ 00111111111]
img_2_data_stream_0_V     (alloca              ) [ 00111111111]
call_ret                  (call                ) [ 00000000000]
img_0_rows_V_channel      (extractvalue        ) [ 00100000000]
img_0_cols_V_channel      (extractvalue        ) [ 00100000000]
img_2_rows_V_channel      (extractvalue        ) [ 00111111111]
img_2_cols_V_channel      (extractvalue        ) [ 00111111111]
stg_25                    (call                ) [ 00000000000]
FILTER_SIZE_4_loc_channel (call                ) [ 00011110000]
stg_28                    (call                ) [ 00000000000]
stg_30                    (call                ) [ 00000000000]
stg_32                    (call                ) [ 00000000000]
stg_34                    (specdataflowpipeline) [ 00000000000]
stg_35                    (specbitsmap         ) [ 00000000000]
stg_36                    (specbitsmap         ) [ 00000000000]
stg_37                    (specbitsmap         ) [ 00000000000]
stg_38                    (specbitsmap         ) [ 00000000000]
stg_39                    (specbitsmap         ) [ 00000000000]
stg_40                    (specbitsmap         ) [ 00000000000]
stg_41                    (specbitsmap         ) [ 00000000000]
stg_42                    (specbitsmap         ) [ 00000000000]
stg_43                    (specbitsmap         ) [ 00000000000]
stg_44                    (specbitsmap         ) [ 00000000000]
stg_45                    (specbitsmap         ) [ 00000000000]
stg_46                    (specbitsmap         ) [ 00000000000]
stg_47                    (specbitsmap         ) [ 00000000000]
stg_48                    (specbitsmap         ) [ 00000000000]
stg_49                    (specbitsmap         ) [ 00000000000]
stg_50                    (specbitsmap         ) [ 00000000000]
stg_51                    (specbitsmap         ) [ 00000000000]
stg_52                    (spectopmodule       ) [ 00000000000]
empty                     (specchannel         ) [ 00000000000]
stg_54                    (specinterface       ) [ 00000000000]
empty_8                   (specchannel         ) [ 00000000000]
stg_56                    (specinterface       ) [ 00000000000]
empty_9                   (specchannel         ) [ 00000000000]
stg_58                    (specinterface       ) [ 00000000000]
empty_10                  (specchannel         ) [ 00000000000]
stg_60                    (specinterface       ) [ 00000000000]
stg_61                    (specinterface       ) [ 00000000000]
stg_62                    (specinterface       ) [ 00000000000]
stg_63                    (specinterface       ) [ 00000000000]
stg_64                    (specinterface       ) [ 00000000000]
stg_65                    (specinterface       ) [ 00000000000]
stg_66                    (specinterface       ) [ 00000000000]
stg_67                    (call                ) [ 00000000000]
stg_68                    (ret                 ) [ 00000000000]
</LifeTime>

<model>

<comp_list>
<comp id="0" class="1000" name="bus_input_axis_V_data_V">
<pin_list>
<pin id="1" dir="1" index="0" bw="1" slack="0"/>
</pin_list>
<bind>
<StgValue><ssdm name="bus_input_axis_V_data_V"/></StgValue>
</bind>
</comp>

<comp id="2" class="1000" name="bus_input_axis_V_keep_V">
<pin_list>
<pin id="3" dir="1" index="0" bw="1" slack="0"/>
</pin_list>
<bind>
<StgValue><ssdm name="bus_input_axis_V_keep_V"/></StgValue>
</bind>
</comp>

<comp id="4" class="1000" name="bus_input_axis_V_strb_V">
<pin_list>
<pin id="5" dir="1" index="0" bw="1" slack="0"/>
</pin_list>
<bind>
<StgValue><ssdm name="bus_input_axis_V_strb_V"/></StgValue>
</bind>
</comp>

<comp id="6" class="1000" name="bus_input_axis_V_user_V">
<pin_list>
<pin id="7" dir="1" index="0" bw="1" slack="0"/>
</pin_list>
<bind>
<StgValue><ssdm name="bus_input_axis_V_user_V"/></StgValue>
</bind>
</comp>

<comp id="8" class="1000" name="bus_input_axis_V_last_V">
<pin_list>
<pin id="9" dir="1" index="0" bw="1" slack="0"/>
</pin_list>
<bind>
<StgValue><ssdm name="bus_input_axis_V_last_V"/></StgValue>
</bind>
</comp>

<comp id="10" class="1000" name="bus_input_axis_V_id_V">
<pin_list>
<pin id="11" dir="1" index="0" bw="1" slack="0"/>
</pin_list>
<bind>
<StgValue><ssdm name="bus_input_axis_V_id_V"/></StgValue>
</bind>
</comp>

<comp id="12" class="1000" name="bus_input_axis_V_dest_V">
<pin_list>
<pin id="13" dir="1" index="0" bw="1" slack="0"/>
</pin_list>
<bind>
<StgValue><ssdm name="bus_input_axis_V_dest_V"/></StgValue>
</bind>
</comp>

<comp id="14" class="1000" name="bus_output_axis_V_data_V">
<pin_list>
<pin id="15" dir="1" index="0" bw="1" slack="0"/>
</pin_list>
<bind>
<StgValue><ssdm name="bus_output_axis_V_data_V"/></StgValue>
</bind>
</comp>

<comp id="16" class="1000" name="bus_output_axis_V_keep_V">
<pin_list>
<pin id="17" dir="1" index="0" bw="1" slack="0"/>
</pin_list>
<bind>
<StgValue><ssdm name="bus_output_axis_V_keep_V"/></StgValue>
</bind>
</comp>

<comp id="18" class="1000" name="bus_output_axis_V_strb_V">
<pin_list>
<pin id="19" dir="1" index="0" bw="1" slack="0"/>
</pin_list>
<bind>
<StgValue><ssdm name="bus_output_axis_V_strb_V"/></StgValue>
</bind>
</comp>

<comp id="20" class="1000" name="bus_output_axis_V_user_V">
<pin_list>
<pin id="21" dir="1" index="0" bw="1" slack="0"/>
</pin_list>
<bind>
<StgValue><ssdm name="bus_output_axis_V_user_V"/></StgValue>
</bind>
</comp>

<comp id="22" class="1000" name="bus_output_axis_V_last_V">
<pin_list>
<pin id="23" dir="1" index="0" bw="1" slack="0"/>
</pin_list>
<bind>
<StgValue><ssdm name="bus_output_axis_V_last_V"/></StgValue>
</bind>
</comp>

<comp id="24" class="1000" name="bus_output_axis_V_id_V">
<pin_list>
<pin id="25" dir="1" index="0" bw="1" slack="0"/>
</pin_list>
<bind>
<StgValue><ssdm name="bus_output_axis_V_id_V"/></StgValue>
</bind>
</comp>

<comp id="26" class="1000" name="bus_output_axis_V_dest_V">
<pin_list>
<pin id="27" dir="1" index="0" bw="1" slack="0"/>
</pin_list>
<bind>
<StgValue><ssdm name="bus_output_axis_V_dest_V"/></StgValue>
</bind>
</comp>

<comp id="28" class="1000" name="rows">
<pin_list>
<pin id="29" dir="1" index="0" bw="1" slack="0"/>
</pin_list>
<bind>
<StgValue><ssdm name="rows"/></StgValue>
</bind>
</comp>

<comp id="30" class="1000" name="cols">
<pin_list>
<pin id="31" dir="1" index="0" bw="1" slack="0"/>
</pin_list>
<bind>
<StgValue><ssdm name="cols"/></StgValue>
</bind>
</comp>

<comp id="32" class="1000" name="filter_size">
<pin_list>
<pin id="33" dir="1" index="0" bw="1" slack="0"/>
</pin_list>
<bind>
<StgValue><ssdm name="filter_size"/></StgValue>
</bind>
</comp>

<comp id="34" class="1000" name="linebuffer">
<pin_list>
<pin id="35" dir="1" index="0" bw="1" slack="0"/>
</pin_list>
<bind>
<StgValue><ssdm name="linebuffer"/><MemPortTyVec>2 3 </MemPortTyVec>
</StgValue>
</bind>
</comp>

<comp id="36" class="1001" name="const_36">
<pin_list>
<pin id="37" dir="1" index="0" bw="1" slack="0"/>
</pin_list>
<bind>
<StgValue><ssdm name="_ssdm_op_Read.s_axilite.i32"/></StgValue>
</bind>
</comp>

<comp id="38" class="1001" name="const_38">
<pin_list>
<pin id="39" dir="1" index="0" bw="1" slack="0"/>
</pin_list>
<bind>
<StgValue><ssdm name=""/></StgValue>
</bind>
</comp>

<comp id="40" class="1001" name="const_40">
<pin_list>
<pin id="41" dir="1" index="0" bw="1" slack="0"/>
</pin_list>
<bind>
<StgValue><ssdm name="image_filter_fh_Block_Mat.exit712_proc"/></StgValue>
</bind>
</comp>

<comp id="42" class="1001" name="const_42">
<pin_list>
<pin id="43" dir="1" index="0" bw="1" slack="0"/>
</pin_list>
<bind>
<StgValue><ssdm name="image_filter_fh_AXIvideo2Mat<32, 480, 640, 5>"/></StgValue>
</bind>
</comp>

<comp id="44" class="1001" name="const_44">
<pin_list>
<pin id="45" dir="1" index="0" bw="1" slack="0"/>
</pin_list>
<bind>
<StgValue><ssdm name="image_filter_fh_Block_Mat.exit71218_proc"/></StgValue>
</bind>
</comp>

<comp id="46" class="1001" name="const_46">
<pin_list>
<pin id="47" dir="1" index="0" bw="1" slack="0"/>
</pin_list>
<bind>
<StgValue><ssdm name="image_filter_fh_PadImage<480, 640, 51>"/></StgValue>
</bind>
</comp>

<comp id="48" class="1001" name="const_48">
<pin_list>
<pin id="49" dir="1" index="0" bw="1" slack="0"/>
</pin_list>
<bind>
<StgValue><ssdm name="image_filter_fh_FilterTest<480, 640>1"/></StgValue>
</bind>
</comp>

<comp id="50" class="1001" name="const_50">
<pin_list>
<pin id="51" dir="1" index="0" bw="1" slack="0"/>
</pin_list>
<bind>
<StgValue><ssdm name="image_filter_fh_Loop_1_proc"/></StgValue>
</bind>
</comp>

<comp id="52" class="1001" name="const_52">
<pin_list>
<pin id="53" dir="1" index="0" bw="1" slack="0"/>
</pin_list>
<bind>
<StgValue><ssdm name="image_filter_fh_Mat2AXIvideo<32, 480, 640, 5>"/></StgValue>
</bind>
</comp>

<comp id="54" class="1001" name="const_54">
<pin_list>
<pin id="55" dir="1" index="0" bw="1" slack="2147483647"/>
</pin_list>
<bind>
<StgValue><ssdm name="_ssdm_op_SpecDataflowPipeline"/></StgValue>
</bind>
</comp>

<comp id="56" class="1001" name="const_56">
<pin_list>
<pin id="57" dir="1" index="0" bw="1" slack="2147483647"/>
</pin_list>
<bind>
<StgValue><ssdm name=""/></StgValue>
</bind>
</comp>

<comp id="58" class="1001" name="const_58">
<pin_list>
<pin id="59" dir="1" index="0" bw="1" slack="2147483647"/>
</pin_list>
<bind>
<StgValue><ssdm name="p_str1807"/></StgValue>
</bind>
</comp>

<comp id="60" class="1001" name="const_60">
<pin_list>
<pin id="61" dir="1" index="0" bw="1" slack="2147483647"/>
</pin_list>
<bind>
<StgValue><ssdm name="_ssdm_op_SpecBitsMap"/></StgValue>
</bind>
</comp>

<comp id="62" class="1001" name="const_62">
<pin_list>
<pin id="63" dir="1" index="0" bw="1" slack="2147483647"/>
</pin_list>
<bind>
<StgValue><ssdm name="_ssdm_op_SpecTopModule"/></StgValue>
</bind>
</comp>

<comp id="64" class="1001" name="const_64">
<pin_list>
<pin id="65" dir="1" index="0" bw="1" slack="2147483647"/>
</pin_list>
<bind>
<StgValue><ssdm name="str"/></StgValue>
</bind>
</comp>

<comp id="66" class="1001" name="const_66">
<pin_list>
<pin id="67" dir="1" index="0" bw="1" slack="2147483647"/>
</pin_list>
<bind>
<StgValue><ssdm name="_ssdm_op_SpecChannel"/></StgValue>
</bind>
</comp>

<comp id="68" class="1001" name="const_68">
<pin_list>
<pin id="69" dir="1" index="0" bw="1" slack="2147483647"/>
</pin_list>
<bind>
<StgValue><ssdm name="str58"/></StgValue>
</bind>
</comp>

<comp id="70" class="1001" name="const_70">
<pin_list>
<pin id="71" dir="1" index="0" bw="1" slack="2147483647"/>
</pin_list>
<bind>
<StgValue><ssdm name=""/></StgValue>
</bind>
</comp>

<comp id="72" class="1001" name="const_72">
<pin_list>
<pin id="73" dir="1" index="0" bw="1" slack="2147483647"/>
</pin_list>
<bind>
<StgValue><ssdm name="str59"/></StgValue>
</bind>
</comp>

<comp id="74" class="1001" name="const_74">
<pin_list>
<pin id="75" dir="1" index="0" bw="1" slack="2147483647"/>
</pin_list>
<bind>
<StgValue><ssdm name="_ssdm_op_SpecInterface"/></StgValue>
</bind>
</comp>

<comp id="76" class="1001" name="const_76">
<pin_list>
<pin id="77" dir="1" index="0" bw="1" slack="2147483647"/>
</pin_list>
<bind>
<StgValue><ssdm name="str60"/></StgValue>
</bind>
</comp>

<comp id="78" class="1001" name="const_78">
<pin_list>
<pin id="79" dir="1" index="0" bw="1" slack="2147483647"/>
</pin_list>
<bind>
<StgValue><ssdm name=""/></StgValue>
</bind>
</comp>

<comp id="80" class="1001" name="const_80">
<pin_list>
<pin id="81" dir="1" index="0" bw="1" slack="2147483647"/>
</pin_list>
<bind>
<StgValue><ssdm name="str61"/></StgValue>
</bind>
</comp>

<comp id="82" class="1001" name="const_82">
<pin_list>
<pin id="83" dir="1" index="0" bw="1" slack="2147483647"/>
</pin_list>
<bind>
<StgValue><ssdm name="str62"/></StgValue>
</bind>
</comp>

<comp id="84" class="1001" name="const_84">
<pin_list>
<pin id="85" dir="1" index="0" bw="1" slack="2147483647"/>
</pin_list>
<bind>
<StgValue><ssdm name="str63"/></StgValue>
</bind>
</comp>

<comp id="86" class="1001" name="const_86">
<pin_list>
<pin id="87" dir="1" index="0" bw="1" slack="2147483647"/>
</pin_list>
<bind>
<StgValue><ssdm name="str64"/></StgValue>
</bind>
</comp>

<comp id="88" class="1001" name="const_88">
<pin_list>
<pin id="89" dir="1" index="0" bw="1" slack="2147483647"/>
</pin_list>
<bind>
<StgValue><ssdm name="str65"/></StgValue>
</bind>
</comp>

<comp id="90" class="1001" name="const_90">
<pin_list>
<pin id="91" dir="1" index="0" bw="1" slack="2147483647"/>
</pin_list>
<bind>
<StgValue><ssdm name="str66"/></StgValue>
</bind>
</comp>

<comp id="92" class="1001" name="const_92">
<pin_list>
<pin id="93" dir="1" index="0" bw="1" slack="2147483647"/>
</pin_list>
<bind>
<StgValue><ssdm name="str67"/></StgValue>
</bind>
</comp>

<comp id="94" class="1001" name="const_94">
<pin_list>
<pin id="95" dir="1" index="0" bw="1" slack="2147483647"/>
</pin_list>
<bind>
<StgValue><ssdm name="str68"/></StgValue>
</bind>
</comp>

<comp id="96" class="1001" name="const_96">
<pin_list>
<pin id="97" dir="1" index="0" bw="1" slack="2147483647"/>
</pin_list>
<bind>
<StgValue><ssdm name="str69"/></StgValue>
</bind>
</comp>

<comp id="98" class="1001" name="const_98">
<pin_list>
<pin id="99" dir="1" index="0" bw="1" slack="2147483647"/>
</pin_list>
<bind>
<StgValue><ssdm name="str70"/></StgValue>
</bind>
</comp>

<comp id="100" class="1001" name="const_100">
<pin_list>
<pin id="101" dir="1" index="0" bw="1" slack="2147483647"/>
</pin_list>
<bind>
<StgValue><ssdm name="str71"/></StgValue>
</bind>
</comp>

<comp id="102" class="1001" name="const_102">
<pin_list>
<pin id="103" dir="1" index="0" bw="1" slack="2147483647"/>
</pin_list>
<bind>
<StgValue><ssdm name="str72"/></StgValue>
</bind>
</comp>

<comp id="104" class="1001" name="const_104">
<pin_list>
<pin id="105" dir="1" index="0" bw="1" slack="2147483647"/>
</pin_list>
<bind>
<StgValue><ssdm name="str73"/></StgValue>
</bind>
</comp>

<comp id="106" class="1001" name="const_106">
<pin_list>
<pin id="107" dir="1" index="0" bw="1" slack="2147483647"/>
</pin_list>
<bind>
<StgValue><ssdm name="p_str1805"/></StgValue>
</bind>
</comp>

<comp id="108" class="1001" name="const_108">
<pin_list>
<pin id="109" dir="1" index="0" bw="1" slack="2147483647"/>
</pin_list>
<bind>
<StgValue><ssdm name="p_str1806"/></StgValue>
</bind>
</comp>

<comp id="110" class="1001" name="const_110">
<pin_list>
<pin id="111" dir="1" index="0" bw="1" slack="2147483647"/>
</pin_list>
<bind>
<StgValue><ssdm name="p_str1808"/></StgValue>
</bind>
</comp>

<comp id="112" class="1001" name="const_112">
<pin_list>
<pin id="113" dir="1" index="0" bw="1" slack="2147483647"/>
</pin_list>
<bind>
<StgValue><ssdm name="p_str1809"/></StgValue>
</bind>
</comp>

<comp id="114" class="1001" name="const_114">
<pin_list>
<pin id="115" dir="1" index="0" bw="1" slack="2147483647"/>
</pin_list>
<bind>
<StgValue><ssdm name="p_str1810"/></StgValue>
</bind>
</comp>

<comp id="116" class="1004" name="img_0_data_stream_0_V_fu_116">
<pin_list>
<pin id="117" dir="0" index="0" bw="1" slack="0"/>
<pin id="118" dir="1" index="1" bw="32" slack="0"/>
</pin_list>
<bind>
<opcode="alloca(26) " fcode="alloca"/>
<opset="img_0_data_stream_0_V/1 "/>
</bind>
</comp>

<comp id="120" class="1004" name="img_1_data_stream_0_V_fu_120">
<pin_list>
<pin id="121" dir="0" index="0" bw="1" slack="0"/>
<pin id="122" dir="1" index="1" bw="32" slack="2"/>
</pin_list>
<bind>
<opcode="alloca(26) " fcode="alloca"/>
<opset="img_1_data_stream_0_V/1 "/>
</bind>
</comp>

<comp id="124" class="1004" name="img_12_data_stream_0_V_fu_124">
<pin_list>
<pin id="125" dir="0" index="0" bw="1" slack="0"/>
<pin id="126" dir="1" index="1" bw="32" slack="4"/>
</pin_list>
<bind>
<opcode="alloca(26) " fcode="alloca"/>
<opset="img_12_data_stream_0_V/1 "/>
</bind>
</comp>

<comp id="128" class="1004" name="img_2_data_stream_0_V_fu_128">
<pin_list>
<pin id="129" dir="0" index="0" bw="1" slack="0"/>
<pin id="130" dir="1" index="1" bw="32" slack="6"/>
</pin_list>
<bind>
<opcode="alloca(26) " fcode="alloca"/>
<opset="img_2_data_stream_0_V/1 "/>
</bind>
</comp>

<comp id="132" class="1004" name="filter_size_read_read_fu_132">
<pin_list>
<pin id="133" dir="0" index="0" bw="32" slack="0"/>
<pin id="134" dir="0" index="1" bw="32" slack="0"/>
<pin id="135" dir="1" index="2" bw="32" slack="0"/>
</pin_list>
<bind>
<opcode="read(1150) " fcode="read"/>
<opset="filter_size_read/1 "/>
</bind>
</comp>

<comp id="138" class="1004" name="cols_read_read_fu_138">
<pin_list>
<pin id="139" dir="0" index="0" bw="32" slack="0"/>
<pin id="140" dir="0" index="1" bw="32" slack="0"/>
<pin id="141" dir="1" index="2" bw="32" slack="0"/>
</pin_list>
<bind>
<opcode="read(1150) " fcode="read"/>
<opset="cols_read/1 "/>
</bind>
</comp>

<comp id="144" class="1004" name="rows_read_read_fu_144">
<pin_list>
<pin id="145" dir="0" index="0" bw="32" slack="0"/>
<pin id="146" dir="0" index="1" bw="32" slack="0"/>
<pin id="147" dir="1" index="2" bw="32" slack="0"/>
</pin_list>
<bind>
<opcode="read(1150) " fcode="read"/>
<opset="rows_read/1 "/>
</bind>
</comp>

<comp id="151" class="1004" name="grp_image_filter_fh_FilterTest_480_640_1_fu_151">
<pin_list>
<pin id="152" dir="0" index="0" bw="0" slack="0"/>
<pin id="153" dir="0" index="1" bw="32" slack="4"/>
<pin id="154" dir="0" index="2" bw="32" slack="4"/>
<pin id="155" dir="0" index="3" bw="6" slack="3"/>
<pin id="156" dir="1" index="4" bw="0" slack="2147483647"/>
</pin_list>
<bind>
<opcode="call(48) " fcode="call"/>
<opset="stg_29/5 "/>
</bind>
</comp>

<comp id="158" class="1004" name="grp_image_filter_fh_PadImage_480_640_51_s_fu_158">
<pin_list>
<pin id="159" dir="0" index="0" bw="0" slack="0"/>
<pin id="160" dir="0" index="1" bw="32" slack="2"/>
<pin id="161" dir="0" index="2" bw="32" slack="2"/>
<pin id="162" dir="0" index="3" bw="32" slack="0"/>
<pin id="163" dir="1" index="4" bw="0" slack="2147483647"/>
</pin_list>
<bind>
<opcode="call(48) " fcode="call"/>
<opset="stg_27/3 "/>
</bind>
</comp>

<comp id="166" class="1004" name="grp_image_filter_fh_AXIvideo2Mat_32_480_640_5_s_fu_166">
<pin_list>
<pin id="167" dir="0" index="0" bw="0" slack="0"/>
<pin id="168" dir="0" index="1" bw="32" slack="0"/>
<pin id="169" dir="0" index="2" bw="4" slack="0"/>
<pin id="170" dir="0" index="3" bw="4" slack="0"/>
<pin id="171" dir="0" index="4" bw="1" slack="0"/>
<pin id="172" dir="0" index="5" bw="1" slack="0"/>
<pin id="173" dir="0" index="6" bw="1" slack="0"/>
<pin id="174" dir="0" index="7" bw="1" slack="0"/>
<pin id="175" dir="0" index="8" bw="12" slack="0"/>
<pin id="176" dir="0" index="9" bw="12" slack="0"/>
<pin id="177" dir="0" index="10" bw="32" slack="0"/>
<pin id="178" dir="1" index="11" bw="0" slack="2147483647"/>
</pin_list>
<bind>
<opcode="call(48) " fcode="call"/>
<opset="stg_23/1 "/>
</bind>
</comp>

<comp id="187" class="1004" name="grp_image_filter_fh_Loop_1_proc_fu_187">
<pin_list>
<pin id="188" dir="0" index="0" bw="0" slack="0"/>
<pin id="189" dir="0" index="1" bw="32" slack="6"/>
<pin id="190" dir="0" index="2" bw="32" slack="6"/>
<pin id="191" dir="1" index="3" bw="0" slack="2147483647"/>
</pin_list>
<bind>
<opcode="call(48) " fcode="call"/>
<opset="stg_31/7 "/>
</bind>
</comp>

<comp id="193" class="1004" name="grp_image_filter_fh_Mat2AXIvideo_32_480_640_5_s_fu_193">
<pin_list>
<pin id="194" dir="0" index="0" bw="0" slack="0"/>
<pin id="195" dir="0" index="1" bw="12" slack="8"/>
<pin id="196" dir="0" index="2" bw="12" slack="8"/>
<pin id="197" dir="0" index="3" bw="32" slack="8"/>
<pin id="198" dir="0" index="4" bw="32" slack="0"/>
<pin id="199" dir="0" index="5" bw="4" slack="0"/>
<pin id="200" dir="0" index="6" bw="4" slack="0"/>
<pin id="201" dir="0" index="7" bw="1" slack="0"/>
<pin id="202" dir="0" index="8" bw="1" slack="0"/>
<pin id="203" dir="0" index="9" bw="1" slack="0"/>
<pin id="204" dir="0" index="10" bw="1" slack="0"/>
<pin id="205" dir="1" index="11" bw="0" slack="2147483647"/>
</pin_list>
<bind>
<opcode="call(48) " fcode="call"/>
<opset="stg_33/9 "/>
</bind>
</comp>

<comp id="214" class="1004" name="grp_image_filter_fh_Block_Mat_exit71218_proc_fu_214">
<pin_list>
<pin id="215" dir="0" index="0" bw="6" slack="0"/>
<pin id="216" dir="0" index="1" bw="32" slack="0"/>
<pin id="217" dir="1" index="2" bw="6" slack="3"/>
</pin_list>
<bind>
<opcode="call(48) " fcode="call"/>
<opset="FILTER_SIZE_4_loc_channel/1 "/>
</bind>
</comp>

<comp id="220" class="1004" name="call_ret_image_filter_fh_Block_Mat_exit712_proc_fu_220">
<pin_list>
<pin id="221" dir="0" index="0" bw="48" slack="0"/>
<pin id="222" dir="0" index="1" bw="32" slack="0"/>
<pin id="223" dir="0" index="2" bw="32" slack="0"/>
<pin id="224" dir="1" index="3" bw="48" slack="0"/>
</pin_list>
<bind>
<opcode="call(48) " fcode="call"/>
<opset="call_ret/1 "/>
</bind>
</comp>

<comp id="228" class="1004" name="img_0_rows_V_channel_fu_228">
<pin_list>
<pin id="229" dir="0" index="0" bw="48" slack="0"/>
<pin id="230" dir="1" index="1" bw="12" slack="0"/>
</pin_list>
<bind>
<opcode="extractvalue(56) " fcode="extractvalue"/>
<opset="img_0_rows_V_channel/1 "/>
</bind>
</comp>

<comp id="233" class="1004" name="img_0_cols_V_channel_fu_233">
<pin_list>
<pin id="234" dir="0" index="0" bw="48" slack="0"/>
<pin id="235" dir="1" index="1" bw="12" slack="0"/>
</pin_list>
<bind>
<opcode="extractvalue(56) " fcode="extractvalue"/>
<opset="img_0_cols_V_channel/1 "/>
</bind>
</comp>

<comp id="238" class="1004" name="img_2_rows_V_channel_fu_238">
<pin_list>
<pin id="239" dir="0" index="0" bw="48" slack="0"/>
<pin id="240" dir="1" index="1" bw="12" slack="8"/>
</pin_list>
<bind>
<opcode="extractvalue(56) " fcode="extractvalue"/>
<opset="img_2_rows_V_channel/1 "/>
</bind>
</comp>

<comp id="242" class="1004" name="img_2_cols_V_channel_fu_242">
<pin_list>
<pin id="243" dir="0" index="0" bw="48" slack="0"/>
<pin id="244" dir="1" index="1" bw="12" slack="8"/>
</pin_list>
<bind>
<opcode="extractvalue(56) " fcode="extractvalue"/>
<opset="img_2_cols_V_channel/1 "/>
</bind>
</comp>

<comp id="246" class="1005" name="filter_size_read_reg_246">
<pin_list>
<pin id="247" dir="0" index="0" bw="32" slack="1"/>
<pin id="248" dir="1" index="1" bw="32" slack="1"/>
</pin_list>
<bind>
<opset="filter_size_read "/>
</bind>
</comp>

<comp id="251" class="1005" name="img_0_data_stream_0_V_reg_251">
<pin_list>
<pin id="252" dir="0" index="0" bw="32" slack="0"/>
<pin id="253" dir="1" index="1" bw="32" slack="0"/>
</pin_list>
<bind>
<opset="img_0_data_stream_0_V "/>
</bind>
</comp>

<comp id="257" class="1005" name="img_1_data_stream_0_V_reg_257">
<pin_list>
<pin id="258" dir="0" index="0" bw="32" slack="2"/>
<pin id="259" dir="1" index="1" bw="32" slack="2"/>
</pin_list>
<bind>
<opset="img_1_data_stream_0_V "/>
</bind>
</comp>

<comp id="263" class="1005" name="img_12_data_stream_0_V_reg_263">
<pin_list>
<pin id="264" dir="0" index="0" bw="32" slack="4"/>
<pin id="265" dir="1" index="1" bw="32" slack="4"/>
</pin_list>
<bind>
<opset="img_12_data_stream_0_V "/>
</bind>
</comp>

<comp id="269" class="1005" name="img_2_data_stream_0_V_reg_269">
<pin_list>
<pin id="270" dir="0" index="0" bw="32" slack="6"/>
<pin id="271" dir="1" index="1" bw="32" slack="6"/>
</pin_list>
<bind>
<opset="img_2_data_stream_0_V "/>
</bind>
</comp>

<comp id="275" class="1005" name="img_0_rows_V_channel_reg_275">
<pin_list>
<pin id="276" dir="0" index="0" bw="12" slack="1"/>
<pin id="277" dir="1" index="1" bw="12" slack="1"/>
</pin_list>
<bind>
<opset="img_0_rows_V_channel "/>
</bind>
</comp>

<comp id="280" class="1005" name="img_0_cols_V_channel_reg_280">
<pin_list>
<pin id="281" dir="0" index="0" bw="12" slack="1"/>
<pin id="282" dir="1" index="1" bw="12" slack="1"/>
</pin_list>
<bind>
<opset="img_0_cols_V_channel "/>
</bind>
</comp>

<comp id="285" class="1005" name="img_2_rows_V_channel_reg_285">
<pin_list>
<pin id="286" dir="0" index="0" bw="12" slack="8"/>
<pin id="287" dir="1" index="1" bw="12" slack="8"/>
</pin_list>
<bind>
<opset="img_2_rows_V_channel "/>
</bind>
</comp>

<comp id="290" class="1005" name="img_2_cols_V_channel_reg_290">
<pin_list>
<pin id="291" dir="0" index="0" bw="12" slack="8"/>
<pin id="292" dir="1" index="1" bw="12" slack="8"/>
</pin_list>
<bind>
<opset="img_2_cols_V_channel "/>
</bind>
</comp>

<comp id="295" class="1005" name="FILTER_SIZE_4_loc_channel_reg_295">
<pin_list>
<pin id="296" dir="0" index="0" bw="6" slack="3"/>
<pin id="297" dir="1" index="1" bw="6" slack="3"/>
</pin_list>
<bind>
<opset="FILTER_SIZE_4_loc_channel "/>
</bind>
</comp>

</comp_list>

<net_list>
<net id="119"><net_src comp="38" pin="0"/><net_sink comp="116" pin=0"/></net>

<net id="123"><net_src comp="38" pin="0"/><net_sink comp="120" pin=0"/></net>

<net id="127"><net_src comp="38" pin="0"/><net_sink comp="124" pin=0"/></net>

<net id="131"><net_src comp="38" pin="0"/><net_sink comp="128" pin=0"/></net>

<net id="136"><net_src comp="36" pin="0"/><net_sink comp="132" pin=0"/></net>

<net id="137"><net_src comp="32" pin="0"/><net_sink comp="132" pin=1"/></net>

<net id="142"><net_src comp="36" pin="0"/><net_sink comp="138" pin=0"/></net>

<net id="143"><net_src comp="30" pin="0"/><net_sink comp="138" pin=1"/></net>

<net id="148"><net_src comp="36" pin="0"/><net_sink comp="144" pin=0"/></net>

<net id="149"><net_src comp="28" pin="0"/><net_sink comp="144" pin=1"/></net>

<net id="157"><net_src comp="48" pin="0"/><net_sink comp="151" pin=0"/></net>

<net id="164"><net_src comp="46" pin="0"/><net_sink comp="158" pin=0"/></net>

<net id="165"><net_src comp="34" pin="0"/><net_sink comp="158" pin=3"/></net>

<net id="179"><net_src comp="42" pin="0"/><net_sink comp="166" pin=0"/></net>

<net id="180"><net_src comp="0" pin="0"/><net_sink comp="166" pin=1"/></net>

<net id="181"><net_src comp="2" pin="0"/><net_sink comp="166" pin=2"/></net>

<net id="182"><net_src comp="4" pin="0"/><net_sink comp="166" pin=3"/></net>

<net id="183"><net_src comp="6" pin="0"/><net_sink comp="166" pin=4"/></net>

<net id="184"><net_src comp="8" pin="0"/><net_sink comp="166" pin=5"/></net>

<net id="185"><net_src comp="10" pin="0"/><net_sink comp="166" pin=6"/></net>

<net id="186"><net_src comp="12" pin="0"/><net_sink comp="166" pin=7"/></net>

<net id="192"><net_src comp="50" pin="0"/><net_sink comp="187" pin=0"/></net>

<net id="206"><net_src comp="52" pin="0"/><net_sink comp="193" pin=0"/></net>

<net id="207"><net_src comp="14" pin="0"/><net_sink comp="193" pin=4"/></net>

<net id="208"><net_src comp="16" pin="0"/><net_sink comp="193" pin=5"/></net>

<net id="209"><net_src comp="18" pin="0"/><net_sink comp="193" pin=6"/></net>

<net id="210"><net_src comp="20" pin="0"/><net_sink comp="193" pin=7"/></net>

<net id="211"><net_src comp="22" pin="0"/><net_sink comp="193" pin=8"/></net>

<net id="212"><net_src comp="24" pin="0"/><net_sink comp="193" pin=9"/></net>

<net id="213"><net_src comp="26" pin="0"/><net_sink comp="193" pin=10"/></net>

<net id="218"><net_src comp="44" pin="0"/><net_sink comp="214" pin=0"/></net>

<net id="219"><net_src comp="132" pin="2"/><net_sink comp="214" pin=1"/></net>

<net id="225"><net_src comp="40" pin="0"/><net_sink comp="220" pin=0"/></net>

<net id="226"><net_src comp="144" pin="2"/><net_sink comp="220" pin=1"/></net>

<net id="227"><net_src comp="138" pin="2"/><net_sink comp="220" pin=2"/></net>

<net id="231"><net_src comp="220" pin="3"/><net_sink comp="228" pin=0"/></net>

<net id="232"><net_src comp="228" pin="1"/><net_sink comp="166" pin=8"/></net>

<net id="236"><net_src comp="220" pin="3"/><net_sink comp="233" pin=0"/></net>

<net id="237"><net_src comp="233" pin="1"/><net_sink comp="166" pin=9"/></net>

<net id="241"><net_src comp="220" pin="3"/><net_sink comp="238" pin=0"/></net>

<net id="245"><net_src comp="220" pin="3"/><net_sink comp="242" pin=0"/></net>

<net id="249"><net_src comp="132" pin="2"/><net_sink comp="246" pin=0"/></net>

<net id="250"><net_src comp="246" pin="1"/><net_sink comp="214" pin=1"/></net>

<net id="254"><net_src comp="116" pin="1"/><net_sink comp="251" pin=0"/></net>

<net id="255"><net_src comp="251" pin="1"/><net_sink comp="166" pin=10"/></net>

<net id="256"><net_src comp="251" pin="1"/><net_sink comp="158" pin=1"/></net>

<net id="260"><net_src comp="120" pin="1"/><net_sink comp="257" pin=0"/></net>

<net id="261"><net_src comp="257" pin="1"/><net_sink comp="158" pin=2"/></net>

<net id="262"><net_src comp="257" pin="1"/><net_sink comp="151" pin=1"/></net>

<net id="266"><net_src comp="124" pin="1"/><net_sink comp="263" pin=0"/></net>

<net id="267"><net_src comp="263" pin="1"/><net_sink comp="151" pin=2"/></net>

<net id="268"><net_src comp="263" pin="1"/><net_sink comp="187" pin=1"/></net>

<net id="272"><net_src comp="128" pin="1"/><net_sink comp="269" pin=0"/></net>

<net id="273"><net_src comp="269" pin="1"/><net_sink comp="187" pin=2"/></net>

<net id="274"><net_src comp="269" pin="1"/><net_sink comp="193" pin=3"/></net>

<net id="278"><net_src comp="228" pin="1"/><net_sink comp="275" pin=0"/></net>

<net id="279"><net_src comp="275" pin="1"/><net_sink comp="166" pin=8"/></net>

<net id="283"><net_src comp="233" pin="1"/><net_sink comp="280" pin=0"/></net>

<net id="284"><net_src comp="280" pin="1"/><net_sink comp="166" pin=9"/></net>

<net id="288"><net_src comp="238" pin="1"/><net_sink comp="285" pin=0"/></net>

<net id="289"><net_src comp="285" pin="1"/><net_sink comp="193" pin=1"/></net>

<net id="293"><net_src comp="242" pin="1"/><net_sink comp="290" pin=0"/></net>

<net id="294"><net_src comp="290" pin="1"/><net_sink comp="193" pin=2"/></net>

<net id="298"><net_src comp="214" pin="2"/><net_sink comp="295" pin=0"/></net>

<net id="299"><net_src comp="295" pin="1"/><net_sink comp="151" pin=3"/></net>

</net_list>

</model> 
---------------- Datapath Model END ------------------

* FSMD analyzer results:
  - Output states:
	Port: bus_output_axis_V_data_V | {9 10 }
	Port: bus_output_axis_V_keep_V | {9 10 }
	Port: bus_output_axis_V_strb_V | {9 10 }
	Port: bus_output_axis_V_user_V | {9 10 }
	Port: bus_output_axis_V_last_V | {9 10 }
	Port: bus_output_axis_V_id_V | {9 10 }
	Port: bus_output_axis_V_dest_V | {9 10 }
  - Chain level:
	State 1
		img_0_rows_V_channel : 1
		img_0_cols_V_channel : 1
		img_2_rows_V_channel : 1
		img_2_cols_V_channel : 1
		stg_23 : 2
	State 2
	State 3
	State 4
	State 5
	State 6
	State 7
	State 8
	State 9
	State 10


============================================================
+ Verbose Summary: Datapath Resource usage 
============================================================

* Functional unit list:
|----------|--------------------------------------------------------|---------|---------|---------|---------|---------|
| Operation|                     Functional Unit                    |   BRAM  |  DSP48E |  Delay  |    FF   |   LUT   |
|----------|--------------------------------------------------------|---------|---------|---------|---------|---------|
|          |     grp_image_filter_fh_FilterTest_480_640_1_fu_151    |   102   |    87   |  83.263 |  57706  |  30299  |
|          |    grp_image_filter_fh_PadImage_480_640_51_s_fu_158    |    0    |    0    |  1.571  |   262   |    92   |
|          | grp_image_filter_fh_AXIvideo2Mat_32_480_640_5_s_fu_166 |    0    |    0    |  1.571  |   277   |    38   |
|   call   |         grp_image_filter_fh_Loop_1_proc_fu_187         |    0    |    0    |    0    |    82   |    79   |
|          | grp_image_filter_fh_Mat2AXIvideo_32_480_640_5_s_fu_193 |    0    |    0    |    0    |    89   |    51   |
|          |   grp_image_filter_fh_Block_Mat_exit71218_proc_fu_214  |    0    |    0    |    0    |    8    |    93   |
|          | call_ret_image_filter_fh_Block_Mat_exit712_proc_fu_220 |    0    |    0    |    0    |    0    |    0    |
|----------|--------------------------------------------------------|---------|---------|---------|---------|---------|
|          |              filter_size_read_read_fu_132              |    0    |    0    |    0    |    0    |    0    |
|   read   |                  cols_read_read_fu_138                 |    0    |    0    |    0    |    0    |    0    |
|          |                  rows_read_read_fu_144                 |    0    |    0    |    0    |    0    |    0    |
|----------|--------------------------------------------------------|---------|---------|---------|---------|---------|
|          |               img_0_rows_V_channel_fu_228              |    0    |    0    |    0    |    0    |    0    |
|extractvalue|               img_0_cols_V_channel_fu_233              |    0    |    0    |    0    |    0    |    0    |
|          |               img_2_rows_V_channel_fu_238              |    0    |    0    |    0    |    0    |    0    |
|          |               img_2_cols_V_channel_fu_242              |    0    |    0    |    0    |    0    |    0    |
|----------|--------------------------------------------------------|---------|---------|---------|---------|---------|
|   Total  |                                                        |   102   |    87   |  86.405 |  58424  |  30652  |
|----------|--------------------------------------------------------|---------|---------|---------|---------|---------|

Memories:
+----------+--------+--------+--------+
|          |  BRAM  |   FF   |   LUT  |
+----------+--------+--------+--------+
|linebuffer|    2   |    0   |    0   |
+----------+--------+--------+--------+
|   Total  |    2   |    0   |    0   |
+----------+--------+--------+--------+

* Register list:
+---------------------------------+--------+
|                                 |   FF   |
+---------------------------------+--------+
|FILTER_SIZE_4_loc_channel_reg_295|    6   |
|     filter_size_read_reg_246    |   32   |
|   img_0_cols_V_channel_reg_280  |   12   |
|  img_0_data_stream_0_V_reg_251  |   32   |
|   img_0_rows_V_channel_reg_275  |   12   |
|  img_12_data_stream_0_V_reg_263 |   32   |
|  img_1_data_stream_0_V_reg_257  |   32   |
|   img_2_cols_V_channel_reg_290  |   12   |
|  img_2_data_stream_0_V_reg_269  |   32   |
|   img_2_rows_V_channel_reg_285  |   12   |
+---------------------------------+--------+
|              Total              |   214  |
+---------------------------------+--------+

* Multiplexer (MUX) list: 
|--------------------------------------------------------|------|------|------|--------||---------||---------|
|                          Comp                          |  Pin | Size |  BW  | S x BW ||  Delay  ||   LUT   |
|--------------------------------------------------------|------|------|------|--------||---------||---------|
| grp_image_filter_fh_AXIvideo2Mat_32_480_640_5_s_fu_166 |  p8  |   2  |  12  |   24   ||    12   |
| grp_image_filter_fh_AXIvideo2Mat_32_480_640_5_s_fu_166 |  p9  |   2  |  12  |   24   ||    12   |
|   grp_image_filter_fh_Block_Mat_exit71218_proc_fu_214  |  p1  |   2  |  32  |   64   ||    32   |
|--------------------------------------------------------|------|------|------|--------||---------||---------|
|                          Total                         |      |      |      |   112  ||  4.713  ||    56   |
|--------------------------------------------------------|------|------|------|--------||---------||---------|



* Summary:
+-----------+--------+--------+--------+--------+--------+
|           |  BRAM  | DSP48E |  Delay |   FF   |   LUT  |
+-----------+--------+--------+--------+--------+--------+
|  Function |   102  |   87   |   86   |  58424 |  30652 |
|   Memory  |    2   |    -   |    -   |    0   |    0   |
|Multiplexer|    -   |    -   |    4   |    -   |   56   |
|  Register |    -   |    -   |    -   |   214  |    -   |
+-----------+--------+--------+--------+--------+--------+
|   Total   |   104  |   87   |   91   |  58638 |  30708 |
+-----------+--------+--------+--------+--------+--------+
