

================================================================
== Vivado HLS Report for 'image_filter_fh_Mat2AXIvideo_32_480_640_5_s'
================================================================
* Date:           Wed Jun  3 13:51:36 2015

* Version:        2015.1 (Build 1215546 on Mon Apr 27 19:24:50 PM 2015)
* Project:        image_filter_2
* Solution:       solution1
* Product family: zynq
* Target device:  xc7z020clg484-1


================================================================
== Performance Estimates
================================================================
+ Timing (ns): 
    * Summary: 
    +---------+-------+----------+------------+
    |  Clock  | Target| Estimated| Uncertainty|
    +---------+-------+----------+------------+
    |default  |   6.50|      3.51|        0.81|
    +---------+-------+----------+------------+

+ Latency (clock cycles): 
    * Summary: 
    +-----+--------+-----+--------+---------+
    |    Latency   |   Interval   | Pipeline|
    | min |   max  | min |   max  |   Type  |
    +-----+--------+-----+--------+---------+
    |    1|  308641|    1|  308641|   none  |
    +-----+--------+-----+--------+---------+

    + Detail: 
        * Instance: 
        N/A

        * Loop: 
        +---------------+-----+--------+----------+-----------+-----------+---------+----------+
        |               |    Latency   | Iteration|  Initiation Interval  |   Trip  |          |
        |   Loop Name   | min |   max  |  Latency |  achieved |   target  |  Count  | Pipelined|
        +---------------+-----+--------+----------+-----------+-----------+---------+----------+
        |- loop_height  |    0|  308640|  3 ~ 643 |          -|          -| 0 ~ 480 |    no    |
        | + loop_width  |    0|     640|         2|          1|          1| 0 ~ 640 |    yes   |
        +---------------+-----+--------+----------+-----------+-----------+---------+----------+



================================================================
== Utilization Estimates
================================================================
* Summary: 
+-----------------+---------+-------+--------+-------+
|       Name      | BRAM_18K| DSP48E|   FF   |  LUT  |
+-----------------+---------+-------+--------+-------+
|Expression       |        -|      -|       -|      -|
|FIFO             |        -|      -|       -|      -|
|Instance         |        -|      -|       -|      -|
|Memory           |        -|      -|       -|      -|
|Multiplexer      |        -|      -|       -|      -|
|Register         |        -|      -|       -|      -|
+-----------------+---------+-------+--------+-------+
|Total            |        0|      0|       0|      0|
+-----------------+---------+-------+--------+-------+
|Available        |      280|    220|  106400|  53200|
+-----------------+---------+-------+--------+-------+
|Utilization (%)  |        0|      0|       0|      0|
+-----------------+---------+-------+--------+-------+

+ Detail: 
    * Instance: 
    N/A

    * Memory: 
    N/A

    * FIFO: 
    N/A

    * Expression: 
    N/A

    * Multiplexer: 
    N/A

    * Register: 
    N/A



================================================================
== Interface
================================================================
* Summary: 
N/A

============================================================
+ Verbose Summary: Synthesis Manager
============================================================
InlineROM: 1
ExposeGlobal: 0
============================================================
+ Verbose Summary: CDFG Model
============================================================
IsTopModel: 0
ResetActiveHigh: 1
IsCombinational: 2
IsDatapathOnly: 0
HasWiredReturn: 1
HasMFsm: 0
HasVarLatency: 1
IsPipeline: 0
IsRtlPipelined: 0
IsInstanceOverlapped: 0
IsDontTouch: 0
HasImplIP: 0
IsGatedGlobalClock: 0

+ Individual pipeline summary: 
  * Pipeline-0: initiation interval (II) = 1, depth = 2


============================================================
+ Verbose Summary: Schedule
============================================================
* Number of FSM states: 5
* Pipeline: 1
  Pipeline-0: II = 1, D = 2, States = { 3 4 }
* Dataflow Pipeline: 0

* FSM state transitions: 
1 --> 
	2  / true
2 --> 
	3  / (!exitcond2)
3 --> 
	5  / (exitcond)
	4  / (!exitcond)
4 --> 
	3  / true
5 --> 
	2  / true
* FSM state operations: 

 <State 1>: 1.84ns
ST_1: tmp_user_V [1/1] 0.00ns
:0  %tmp_user_V = alloca i1, align 1

ST_1: stg_7 [1/1] 0.00ns
:1  call void (...)* @_ssdm_op_SpecInterface(i1* %AXI_video_strm_V_dest_V, i1* %AXI_video_strm_V_id_V, i1* %AXI_video_strm_V_last_V, i1* %AXI_video_strm_V_user_V, i4* %AXI_video_strm_V_strb_V, i4* %AXI_video_strm_V_keep_V, i32* %AXI_video_strm_V_data_V, [5 x i8]* @p_str1805, i32 0, i32 0, i32 0, i32 0, [16 x i8]* @p_str1808, [1 x i8]* @p_str1807, [1 x i8]* @p_str1807)

ST_1: stg_8 [1/1] 0.00ns
:2  call void (...)* @_ssdm_op_SpecInterface(float* %img_data_stream_V, [8 x i8]* @str72, i32 0, i32 0, i32 0, i32 0, [1 x i8]* @str73, [1 x i8]* @str73, [8 x i8]* @str72)

ST_1: img_cols_V_read_2 [1/1] 0.00ns
:3  %img_cols_V_read_2 = call i12 @_ssdm_op_Read.ap_auto.i12(i12 %img_cols_V_read)

ST_1: img_rows_V_read_2 [1/1] 0.00ns
:4  %img_rows_V_read_2 = call i12 @_ssdm_op_Read.ap_auto.i12(i12 %img_rows_V_read)

ST_1: lhs_V_cast [1/1] 0.00ns
:5  %lhs_V_cast = zext i12 %img_cols_V_read_2 to i13

ST_1: r_V [1/1] 1.84ns
:6  %r_V = add i13 %lhs_V_cast, -1

ST_1: stg_13 [1/1] 1.57ns
:7  store i1 true, i1* %tmp_user_V, align 1

ST_1: stg_14 [1/1] 1.57ns
:8  br label %1


 <State 2>: 3.51ns
ST_2: p_s [1/1] 0.00ns
:0  %p_s = phi i12 [ 0, %0 ], [ %i_V, %4 ]

ST_2: exitcond2 [1/1] 2.14ns
:1  %exitcond2 = icmp eq i12 %p_s, %img_rows_V_read_2

ST_2: i_V [1/1] 1.84ns
:2  %i_V = add i12 %p_s, 1

ST_2: stg_18 [1/1] 0.00ns
:3  br i1 %exitcond2, label %5, label %2

ST_2: stg_19 [1/1] 0.00ns
:0  call void (...)* @_ssdm_op_SpecLoopName([12 x i8]* @p_str1814) nounwind

ST_2: tmp_s [1/1] 0.00ns
:1  %tmp_s = call i32 (...)* @_ssdm_op_SpecRegionBegin([12 x i8]* @p_str1814)

ST_2: stg_21 [1/1] 0.00ns
:2  call void (...)* @_ssdm_op_SpecLoopTripCount(i32 0, i32 480, i32 0, [1 x i8]* @p_str1807) nounwind

ST_2: stg_22 [1/1] 1.57ns
:3  br label %3

ST_2: stg_23 [1/1] 0.00ns
:0  ret void


 <State 3>: 3.51ns
ST_3: p_2 [1/1] 0.00ns
:0  %p_2 = phi i12 [ 0, %2 ], [ %j_V, %.critedge ]

ST_3: exitcond [1/1] 2.14ns
:1  %exitcond = icmp eq i12 %p_2, %img_cols_V_read_2

ST_3: j_V [1/1] 1.84ns
:2  %j_V = add i12 %p_2, 1

ST_3: stg_27 [1/1] 0.00ns
:3  br i1 %exitcond, label %4, label %.critedge

ST_3: tmp_cast [1/1] 0.00ns
.critedge:5  %tmp_cast = zext i12 %p_2 to i13

ST_3: axi_last_V [1/1] 2.18ns
.critedge:6  %axi_last_V = icmp eq i13 %tmp_cast, %r_V


 <State 4>: 2.84ns
ST_4: tmp_user_V_load [1/1] 0.00ns
.critedge:0  %tmp_user_V_load = load i1* %tmp_user_V, align 1

ST_4: stg_31 [1/1] 0.00ns
.critedge:1  call void (...)* @_ssdm_op_SpecLoopName([11 x i8]* @p_str1815) nounwind

ST_4: tmp_83 [1/1] 0.00ns
.critedge:2  %tmp_83 = call i32 (...)* @_ssdm_op_SpecRegionBegin([11 x i8]* @p_str1815)

ST_4: stg_33 [1/1] 0.00ns
.critedge:3  call void (...)* @_ssdm_op_SpecLoopTripCount(i32 0, i32 640, i32 0, [1 x i8]* @p_str1807) nounwind

ST_4: stg_34 [1/1] 0.00ns
.critedge:4  call void (...)* @_ssdm_op_SpecPipeline(i32 1, i32 1, i32 1, i32 0, [1 x i8]* @p_str1807) nounwind

ST_4: tmp_84 [1/1] 0.00ns
.critedge:7  %tmp_84 = call i32 (...)* @_ssdm_op_SpecRegionBegin([12 x i8]* @p_str1819)

ST_4: stg_36 [1/1] 0.00ns
.critedge:8  call void (...)* @_ssdm_op_SpecProtocol(i32 0, [1 x i8]* @p_str1807) nounwind

ST_4: tmp [1/1] 2.84ns
.critedge:9  %tmp = call float @_ssdm_op_Read.ap_fifo.volatile.floatP(float* %img_data_stream_V)

ST_4: empty [1/1] 0.00ns
.critedge:10  %empty = call i32 (...)* @_ssdm_op_SpecRegionEnd([12 x i8]* @p_str1819, i32 %tmp_84)

ST_4: stg_39 [1/1] 0.00ns
.critedge:11  call void (...)* @_ssdm_op_SpecLoopName([14 x i8]* @p_str1816) nounwind

ST_4: tmp_data_V [1/1] 0.00ns
.critedge:12  %tmp_data_V = bitcast float %tmp to i32

ST_4: stg_41 [1/1] 0.00ns
.critedge:13  call void @_ssdm_op_Write.axis.volatile.i32P.i4P.i4P.i1P.i1P.i1P.i1P(i32* %AXI_video_strm_V_data_V, i4* %AXI_video_strm_V_keep_V, i4* %AXI_video_strm_V_strb_V, i1* %AXI_video_strm_V_user_V, i1* %AXI_video_strm_V_last_V, i1* %AXI_video_strm_V_id_V, i1* %AXI_video_strm_V_dest_V, i32 %tmp_data_V, i4 -1, i4 undef, i1 %tmp_user_V_load, i1 %axi_last_V, i1 undef, i1 undef)

ST_4: empty_25 [1/1] 0.00ns
.critedge:14  %empty_25 = call i32 (...)* @_ssdm_op_SpecRegionEnd([11 x i8]* @p_str1815, i32 %tmp_83)

ST_4: stg_43 [1/1] 1.57ns
.critedge:15  store i1 false, i1* %tmp_user_V, align 1

ST_4: stg_44 [1/1] 0.00ns
.critedge:16  br label %3


 <State 5>: 0.00ns
ST_5: empty_26 [1/1] 0.00ns
:0  %empty_26 = call i32 (...)* @_ssdm_op_SpecRegionEnd([12 x i8]* @p_str1814, i32 %tmp_s)

ST_5: stg_46 [1/1] 0.00ns
:1  br label %1



============================================================
+ Verbose Summary: Binding
============================================================
N/A
* FSMD analyzer results:
  - Output states:
  - Chain level:
	State 1
	State 2
	State 3
	State 4
	State 5


============================================================
+ Verbose Summary: Datapath Resource usage 
============================================================
N/A
