

================================================================
== Vivado HLS Report for 'image_filter_fh_Block_Mat_exit712_proc'
================================================================
* Date:           Wed Jun  3 13:51:22 2015

* Version:        2015.1 (Build 1215546 on Mon Apr 27 19:24:50 PM 2015)
* Project:        image_filter_2
* Solution:       solution1
* Product family: zynq
* Target device:  xc7z020clg484-1


================================================================
== Performance Estimates
================================================================
+ Timing (ns): 
    * Summary: 
    +---------+-------+----------+------------+
    |  Clock  | Target| Estimated| Uncertainty|
    +---------+-------+----------+------------+
    |default  |   6.50|      0.00|        0.81|
    +---------+-------+----------+------------+

+ Latency (clock cycles): 
    * Summary: 
    +-----+-----+-----+-----+---------+
    |  Latency  |  Interval | Pipeline|
    | min | max | min | max |   Type  |
    +-----+-----+-----+-----+---------+
    |    0|    0|    0|    0|   none  |
    +-----+-----+-----+-----+---------+

    + Detail: 
        * Instance: 
        N/A

        * Loop: 
        N/A



================================================================
== Utilization Estimates
================================================================
* Summary: 
+-----------------+---------+-------+--------+-------+
|       Name      | BRAM_18K| DSP48E|   FF   |  LUT  |
+-----------------+---------+-------+--------+-------+
|Expression       |        -|      -|       -|      -|
|FIFO             |        -|      -|       -|      -|
|Instance         |        -|      -|       -|      -|
|Memory           |        -|      -|       -|      -|
|Multiplexer      |        -|      -|       -|      -|
|Register         |        -|      -|       -|      -|
+-----------------+---------+-------+--------+-------+
|Total            |        0|      0|       0|      0|
+-----------------+---------+-------+--------+-------+
|Available        |      280|    220|  106400|  53200|
+-----------------+---------+-------+--------+-------+
|Utilization (%)  |        0|      0|       0|      0|
+-----------------+---------+-------+--------+-------+

+ Detail: 
    * Instance: 
    N/A

    * Memory: 
    N/A

    * FIFO: 
    N/A

    * Expression: 
    N/A

    * Multiplexer: 
    N/A

    * Register: 
    N/A



================================================================
== Interface
================================================================
* Summary: 
N/A

============================================================
+ Verbose Summary: Synthesis Manager
============================================================
InlineROM: 1
ExposeGlobal: 0
============================================================
+ Verbose Summary: CDFG Model
============================================================
IsTopModel: 0
ResetActiveHigh: 1
IsCombinational: 2
IsDatapathOnly: 0
HasWiredReturn: 1
HasMFsm: 0
HasVarLatency: 0
IsPipeline: 0
IsRtlPipelined: 0
IsInstanceOverlapped: 0
IsDontTouch: 0
HasImplIP: 0
IsGatedGlobalClock: 0


============================================================
+ Verbose Summary: Schedule
============================================================
* Number of FSM states: 1
* Pipeline: 0
* Dataflow Pipeline: 0

* FSM state transitions: 
1 --> 
* FSM state operations: 

 <State 1>: 0.00ns
ST_1: cols_read [1/1] 0.00ns
newFuncRoot:0  %cols_read = call i32 @_ssdm_op_Read.ap_auto.i32(i32 %cols)

ST_1: rows_read [1/1] 0.00ns
newFuncRoot:1  %rows_read = call i32 @_ssdm_op_Read.ap_auto.i32(i32 %rows)

ST_1: img_0_rows_V [1/1] 0.00ns
newFuncRoot:2  %img_0_rows_V = trunc i32 %rows_read to i12

ST_1: img_0_cols_V [1/1] 0.00ns
newFuncRoot:3  %img_0_cols_V = trunc i32 %cols_read to i12

ST_1: mrv [1/1] 0.00ns
newFuncRoot:4  %mrv = insertvalue { i12, i12, i12, i12 } undef, i12 %img_0_rows_V, 0

ST_1: mrv_1 [1/1] 0.00ns
newFuncRoot:5  %mrv_1 = insertvalue { i12, i12, i12, i12 } %mrv, i12 %img_0_cols_V, 1

ST_1: mrv_2 [1/1] 0.00ns
newFuncRoot:6  %mrv_2 = insertvalue { i12, i12, i12, i12 } %mrv_1, i12 %img_0_rows_V, 2

ST_1: mrv_3 [1/1] 0.00ns
newFuncRoot:7  %mrv_3 = insertvalue { i12, i12, i12, i12 } %mrv_2, i12 %img_0_cols_V, 3

ST_1: stg_10 [1/1] 0.00ns
newFuncRoot:8  ret { i12, i12, i12, i12 } %mrv_3



============================================================
+ Verbose Summary: Binding
============================================================
N/A
* FSMD analyzer results:
  - Output states:
  - Chain level:
	State 1


============================================================
+ Verbose Summary: Datapath Resource usage 
============================================================
N/A
